[www.flipkart.com/index.html]
[img1a.flixcart.com/www/linchpin/fk-cp-zion/css/bundle.086be7.css]
[img1a.flixcart.com/www/linchpin/fk-cp-zion/img/fk-logo_9fddff.png]
[backblue.gif]
[fade.gif]
[index.html]
[img1a.flixcart.com/www/linchpin/fk-cp-zion/js/manifest.2424f063.js]
[img1a.flixcart.com/www/linchpin/fk-cp-zion/js/vendor.b9b2402a.js]
[img1a.flixcart.com/www/linchpin/fk-cp-zion/img/flipkart-plus_4ee2f9.png]
[img1a.flixcart.com/www/linchpin/fk-cp-zion/js/MultiWidgetPage.db84a552.js]
[www.flipkart.com/plus.html]
[img1a.flixcart.com/www/linchpin/fk-cp-zion/img/plus_b13a8b.png]
[www.flipkart.com/account/login9c5b.html]
[www.flipkart.com/exclusive-sept-fest-store08d6.html]
[rukminim1.flixcart.com/flap/50/50/image/af763162580df0919d28.jpg]
[www.flipkart.com/bigbilliondays-store012a.html]
[rukminim1.flixcart.com/flap/844/140/image/e79d2115c29798699d28.jpg]
[www.flipkart.com/realme-2-pro-30xc-5dm9-store0442.html]
[rukminim1.flixcart.com/flap/50/50/image/0bd7545e68f8e92c9d28.jpg]
[www.flipkart.com/tbbd18-mobiles-teaser-4251-9326-storeec00.html]
[rukminim1.flixcart.com/flap/50/50/image/56fe9c93ad9c426a9d28.jpg]
[www.flipkart.com/marq-store249b.html]
[rukminim1.flixcart.com/flap/50/50/image/fe18ee75297a783b9d28.jpg]
[www.flipkart.com/offers/deals-of-the-dayd0e8.html]
[www.flipkart.com/mobiles/predfb.html]
[rukminim1.flixcart.com/image/300/300/jdxeykw0/mobile/g/v/a/inovu-a9-a9-original-imaf2z44jkdejk549531.jpg]
[www.flipkart.com/beauty-and-personal-care/pr8e04.html]
[rukminim1.flixcart.com/image/300/300/jfikknk0/shampoo/c/m/4/175-fall-resist-anti-dandruff-shampoo-l-oreal-paris-original-imaf3yghy83zwvja9531.jpg]
[rukminim1.flixcart.com/image/300/300/perfume/4/y/z/eau-de-parfum-fogg-100-scent-xtremo-original-imaehkhssdvpthhh9531.jpg]
[www.flipkart.com/beauty-and-personal-care/pr8648.html]
[www.flipkart.com/mobile-accessories/cables/pr5b42.html]
[rukminim1.flixcart.com/image/300/300/jkvh0nk0/data-cable/sync-charge-cable/9/r/m/ivoltaa-indie-micro-usb-original-imaf84hzdjphjrgd9531.jpg]
[www.flipkart.com/mobile-accessories/power-banks/prcb6d.html]
[rukminim1.flixcart.com/image/300/300/jcrz6vk0/power-bank/g/w/z/rapidcharge-pb129-billion-original-imafftse3eacdf6x9531.jpg]
[www.flipkart.com/sports-fitness/pr8a87.html]
[rukminim1.flixcart.com/image/300/300/support/v/h/g/0-left-right-7-kobo-6-pro-weight-lifting-straps-free-size-original-imae8mwh9grwb22v9531.jpg]
[www.flipkart.com/books/prf252.html]
[rukminim1.flixcart.com/image/300/300/jcatwnk0/book/3/3/2/sbi-ibps-bank-po-solved-papers-40-papers-2010-2017-3rd-edition-original-imaffgtyt4t5vvu39531.jpg]
[www.flipkart.com/watches/wrist-watches/pr362a.html]
[rukminim1.flixcart.com/image/300/300/jgqv8280/watch/j/c/z/1771sm03-titan-original-imaf4wn8vvkhh6wb9531.jpg]
[www.flipkart.com/household/pr8cf6.html]
[rukminim1.flixcart.com/image/300/300/chopper/p/u/k/new-handy-chopper-pigeon-original-imaemn3bdyjfrthy9531.jpg]
[www.flipkart.com/home-furnishing/floor-coverings/prddea.html]
[rukminim1.flixcart.com/image/300/300/jbzedu80/carpet-rug/p/q/9/marooncarpet03heavy-856412210-kihome-original-imaff5fjhrhbpjgt9531.jpg]
[www.flipkart.com/women/kurtas-kurtis/prde58.html]
[rukminim1.flixcart.com/image/300/300/jhkvgy80/kurta/z/j/n/xxl-yufdswku0059-yufta-original-imaf5fy7vfzsyyk29531.jpg]
[www.flipkart.com/mens-clothing/pr7da4.html]
[rukminim1.flixcart.com/flap/300/300/image/04c82d9531.jpg]
[www.flipkart.com/moto-one-power-b6v3-o61x-storea3f5.html]
[rukminim1.flixcart.com/flap/464/708/image/69e31c2c0eddbceb9531.jpg]
[www.flipkart.com/brands.html]
[www.flipkart.com/billion-tv-brand-store4fc7.html]
[www.flipkart.com/tvs-appliances-ganesh-chaturthi-sale-offer-store4fc7.html]
[www.flipkart.com/vivo-v11-pro-starry-night-black-64-gb/p/itmf8dn3c6fzvvcb4fc7.html]
[www.flipkart.com/redmi-6-gold-32-gb/p/itmf8gyqx7hkszpf4fc7.html]
[www.flipkart.com/honor-7s-gold-16-gb/p/itmf8df2dgtfzgtb4fc7.html]
[www.flipkart.com/canon-eos-3000d-dslr-camera-single-kit-18-55-lens-16-gb-memory-card-carry-case/p/itmf3dhjyznuhayu4fc7.html]
[www.flipkart.com/realme-2-1p95-un64-store4fc7.html]
[www.flipkart.com/affordability-store4fc7.html]
[www.flipkart.com/nokia-6-1-plus-white-64-gb/p/itmf8fdhvgrj7qyn4fc7.html]
[www.flipkart.com/oppo-f9-pro-sunrise-red-64-gb/p/itmf8fczgnrn5xhy4fc7.html]
[www.flipkart.com/poco-f1-steel-blue-128-gb/p/itmf85v7gng2eg2q4fc7.html]
[www.flipkart.com/jewellery/pr8795.html]
[www.flipkart.com/samsung-galaxy-note-9-ocean-blue-128-gb/p/itmf7x9z6fas7ghw4fc7.html]
[www.flipkart.com/complete-mobile-protection-store4fc7.html]
[www.flipkart.com/corporate-gifts-store4fc7.html]
[www.flipkart.com/gifts-for-women-store4fc7.html]
[www.flipkart.com/gifts-for-boys-store4fc7.html]
[www.flipkart.com/books-store4fc7.html]
[www.flipkart.com/apple-iphone-x-space-gray-64-gb/p/itmexrgv6hctyrav4fc7.html]
[www.flipkart.com/apple-iphone-8-silver-64-gb/p/itmexrgvsw7vedwq4fc7.html]
[www.flipkart.com/apple-iphone-7-black-32-gb/p/itmen6daftcqwzeg4fc7.html]
[www.flipkart.com/apple-iphone-6-space-grey-32-gb/p/itmetmh3hfhnxtcj4fc7.html]
[www.flipkart.com/redmi-5a-gold-16-gb/p/itmfy6cg6a5m7mwh4fc7.html]
[www.flipkart.com/4g-mobile-phones-store4fc7.html]
[www.flipkart.com/nokia-mobile-phones-store4fc7.html]
[www.flipkart.com/samsung-mobile-store4fc7.html]
[www.flipkart.com/mobiles/apple_brand/pra417.html]
[www.flipkart.com/oppo-mobile-phones-store4fc7.html]
[www.flipkart.com/vivo-mobile-phones-store4fc7.html]
[www.flipkart.com/gopro-hero-sports-action-camera/p/itmf3s4abpfgawhc4fc7.html]
[www.flipkart.com/cameras/nikon_brand/pred7b.html]
[www.flipkart.com/cameras/canon_brand/pred7b.html]
[www.flipkart.com/q/sony-cameras4fc7.html]
[www.flipkart.com/q/canon-dslr-cameras4fc7.html]
[www.flipkart.com/cameras/dslr-mirrorless/nikon_brand/pr71fd.html]
[www.flipkart.com/laptops-store4fc7.html]
[www.flipkart.com/laptops/apple_brand/prc77e.html]
[www.flipkart.com/laptops/acer_brand/prc77e.html]
[www.flipkart.com/laptops/lenovo_brand/prc77e.html]
[www.flipkart.com/laptops/dell_brand/prc77e.html]
[www.flipkart.com/laptops/asus_brand/prc77e.html]
[www.flipkart.com/laptops/hp_brand/prc77e.html]
[www.flipkart.com/gaming/gaming-laptops/pr52ac.html]
[www.flipkart.com/laptops/_2-in-1-laptops/prc77e.html]
[www.flipkart.com/computers/_business-laptops/pr3160.html]
[www.flipkart.com/android-tv-store4fc7.html]
[www.flipkart.com/samsung-80cm-32-inch-hd-ready-led-tv-2018/p/itmf5g7dkcrq2gem4fc7.html]
[www.flipkart.com/iffalcon-by-tcl-smart-tvs-launch-store4fc7.html]
[www.flipkart.com/televisions/mi_brand/pr5ae8.html]
[www.flipkart.com/micromax-108cm-43-inch-full-hd-led-tv/p/itmet7vnybdh8yeq4fc7.html]
[www.flipkart.com/vu-80cm-32-hd-ready-led-tv/p/itmewprknh3wquyu4fc7.html]
[www.flipkart.com/cooling-days-store4fc7.html]
[www.flipkart.com/washing-machines/lg_brand/pr878c.html]
[www.flipkart.com/washing-machines/bosch_brand/pr878c.html]
[www.flipkart.com/refrigerators/lg_brand/pr2b84.html]
[www.flipkart.com/refrigerators/samsung_brand/pr2b84.html]
[www.flipkart.com/men/shirts/pr2a93.html]
[www.flipkart.com/men/jeans/pre956.html]
[www.flipkart.com/men/tshirts/pr50f6.html]
[www.flipkart.com/mens-clothing/suits-blazers/suits/pr46b6.html]
[www.flipkart.com/men/trousers/prc3d1.html]
[www.flipkart.com/mens-clothing/suits-blazers/blazers/prbe5f.html]
[www.flipkart.com/q/levis-jeans4fc7.html]
[www.flipkart.com/mens-clothing/winter-seasonal-wear/sweaters/prad69.html]
[www.flipkart.com/mens-clothing/ethnic-wear/pathani-suit-set_type/pre3ba.html]
[www.flipkart.com/women/dresses/pr3b79.html]
[www.flipkart.com/mens-clothing/ethnic-wear/sherwanis/pr1554.html]
[www.flipkart.com/womens-clothing/western-wear/dresses-skirts/jumpsuits/pr0994.html]
[www.flipkart.com/salwar-suits/pr0d2a.html]
[www.flipkart.com/women/tops/pr1208.html]
[www.flipkart.com/lehenga-cholis/pr511f.html]
[www.flipkart.com/women/kurtas-kurtis/pr4082.html]
[www.flipkart.com/q/designer-sarees4fc7.html]
[www.flipkart.com/sarees/pr23a6.html]
[www.flipkart.com/mens-clothing/inner-wear-sleep-wear/prdf95.html]
[www.flipkart.com/mens-clothing/ethnic-wear/dhotis/pra3fc.html]
[www.flipkart.com/mens-clothing/cargos-shorts-34ths/shorts/pr06a7.html]
[www.flipkart.com/sarees/silk_fabric/pr23a6.html]
[www.flipkart.com/clothing/jockey_brand/pr8836.html]
[www.flipkart.com/mens-shoes-store4fc7.html]
[www.flipkart.com/mens-footwear/sports-shoes/adidas_brand/predda.html]
[www.flipkart.com/mens-footwear/reebok_brand/prd856.html]
[www.flipkart.com/mens-footwear/nike_brand/prd856.html]
[www.flipkart.com/footwear/dc_brand/prc059.html]
[www.flipkart.com/mens-footwear/puma_brand/prd856.html]
[www.flipkart.com/q/bata-shoes4fc7.html]
[www.flipkart.com/q/woodland-shoes4fc7.html]
[www.flipkart.com/helpcentre7b1c.html]
[www.flipkart.com/about-us7b1c.html]
[www.flipkart.com/pages/payments.html]
[www.flipkart.com/pages/shipping.html]
[www.flipkart.com/helpcentre6515.html]
[www.flipkart.com/helpcentrec17e.html]
[www.flipkart.com/pages/returnpolicy7b1c.html]
[www.flipkart.com/pages/terms7b1c.html]
[www.flipkart.com/pages/paymentsecurity7b1c.html]
[www.flipkart.com/pages/privacypolicy7b1c.html]
[www.flipkart.com/sitemap7b1c.html]
[www.flipkart.com/pages/ewaste-compliance-tnc7b1c.html]
[www.flipkart.com/account/giftcard6599.html]
[www.flipkart.com/helpcentre6599.html]
[img1a.flixcart.com/www/linchpin/fk-cp-zion/js/raven.3.22.3.js]
[img1a.flixcart.com/www/linchpin/batman-returns/omni/omni16.js]
[www.flipkart.com/index.html]
[www.flipkart.com/sw.js]
[img1a.flixcart.com/www/linchpin/fk-cp-zion/img/login_img_dec4bf.png]
[img1a.flixcart.com/www/linchpin/fk-cp-zion/css/bundle.086be7.css]
[www.flipkart.com/osdd5e1f.html]
[www.flipkart.com/apple-touch-icon-57x57.html]
[www.flipkart.com/apple-touch-icon-72x72.html]
[www.flipkart.com/apple-touch-icon-114x114.html]
[www.flipkart.com/apple-touch-icon-144x144.html]
[www.flipkart.com/android-app_/com.flipkart.android/flipkart/hp_seg.html]
[www.flipkart.com/plus.html]
[img1a.flixcart.com/www/linchpin/fk-cp-zion/js/Home.6f96272f.js]
[www.flipkart.com/account/login7c85.html]
[www.flipkart.com/account/logine97a.html]
[www.flipkart.com/account/login9c5b.html]
[www.flipkart.com/account/login8025.html]
[www.flipkart.com/account/login2448.html]
[www.flipkart.com/offers-list/exclusives-for-mendd28.html]
[www.flipkart.com/mens-footwear/pr9eec.html]
[www.flipkart.com/mens-footwear/pr0342.html]
[img1a.flixcart.com/www/linchpin/fk-cp-zion/js/app.67f1d720.js]
[www.flipkart.com/mens-footwear/pr5415.html]
[www.flipkart.com/mens-footwear/pr9bc5.html]
[www.flipkart.com/mens-footwear/prbf1e.html]
[www.flipkart.com/mens-footwear/pr63db.html]
[www.flipkart.com/mens-footwear/pr1973.html]
[www.flipkart.com/mens-footwear/_slippers-sandals/pr62c8.html]
[www.flipkart.com/mens-footwear/pr4170.html]
[www.flipkart.com/footwear/mens-footwear/_20-per-to-48-per-off/prd103.html]
[www.flipkart.com/mens-footwear/_sports-shoes-and-more/prc253.html]
[www.flipkart.com/offers-list/exclusives-for-womendfe0.html]
[www.flipkart.com/exclusive-sept-fest-store08d6.html]
[www.flipkart.com/bigbilliondays-store012a.html]
[www.flipkart.com/realme-2-pro-30xc-5dm9-store0442.html]
[www.flipkart.com/tbbd18-mobiles-teaser-4251-9326-storeec00.html]
[www.flipkart.com/marq-store249b.html]
[www.flipkart.com/offers/deals-of-the-dayd0e8.html]
[www.flipkart.com/mobiles/predfb.html]
[www.flipkart.com/beauty-and-personal-care/pr8e04.html]
[www.flipkart.com/beauty-and-personal-care/pr8648.html]
[www.flipkart.com/mobile-accessories/cables/pr5b42.html]
[www.flipkart.com/mobile-accessories/power-banks/prcb6d.html]
[www.flipkart.com/sports-fitness/pr8a87.html]
[www.flipkart.com/books/prf252.html]
[www.flipkart.com/watches/wrist-watches/pr362a.html]
[www.flipkart.com/household/pr8cf6.html]
[www.flipkart.com/home-furnishing/floor-coverings/prddea.html]
[www.flipkart.com/women/kurtas-kurtis/prde58.html]
[www.flipkart.com/mens-clothing/pr7da4.html]
[www.flipkart.com/moto-one-power-b6v3-o61x-storea3f5.html]
[www.flipkart.com/all/hindiya_brand/pre48a.html]
[www.flipkart.com/all/hindware_brand/pre48a.html]
[www.flipkart.com/all/hipe_brand/pre48a.html]
[www.flipkart.com/all/hipkoo_brand/pre48a.html]
[www.flipkart.com/all/hippon_brand/pre48a.html]
[www.flipkart.com/all/hirel-s_brand/pre48a.html]
[www.flipkart.com/all/hirshita_brand/pre48a.html]
[www.flipkart.com/all/his-her_brand/pre48a.html]
[www.flipkart.com/all/histeria_brand/pre48a.html]
[www.flipkart.com/all/hitachi_brand/pre48a.html]
[www.flipkart.com/all/hitage_brand/pre48a.html]
[www.flipkart.com/all/hitashi-fashion_brand/pre48a.html]
[www.flipkart.com/all/hitromin_brand/pre48a.html]
[www.flipkart.com/all/hitz_brand/pre48a.html]
[www.flipkart.com/all/hnd_brand/pre48a.html]
[www.flipkart.com/all/hnt-kids_brand/pre48a.html]
[www.flipkart.com/all/hob-london-fashion_brand/pre48a.html]
[www.flipkart.com/all/hobo-land_brand/pre48a.html]
[www.flipkart.com/all/hoffmen_brand/pre48a.html]
[www.flipkart.com/all/hoko_brand/pre48a.html]
[www.flipkart.com/all/holiday_brand/pre48a.html]
[www.flipkart.com/all/hollywood-secrets_brand/pre48a.html]
[www.flipkart.com/all/holy-brats_brand/pre48a.html]
[www.flipkart.com/all/holycases_brand/pre48a.html]
[www.flipkart.com/all/holysin_brand/pre48a.html]
[www.flipkart.com/all/home-candy_brand/pre48a.html]
[www.flipkart.com/all/home-d_brand/pre48a.html]
[www.flipkart.com/all/home-decor-spiritual-festive-decor_brand/pre48a.html]
[www.flipkart.com/all/home-delights_brand/pre48a.html]
[www.flipkart.com/all/home-d-cor-collection_brand/pre48a.html]
