[gallantsalons.com/index.html]
[backblue.gif]
[fade.gif]
[index.html]
[www.google-analytics.com/analytics.js]
[gallantsalons.com/feed/index.html]
[gallantsalons.com/comments/feed/index.html]
[gallantsalons.com/front-page/feed/index.html]
[gallantsalons.com/wp-includes/js/jquery/jquery-migrate.min330a.js]
[gallantsalons.com/wp-content/themes/moesia/js/waypoints.min68b3.js]
[gallantsalons.com/wp-content/themes/moesia/js/slick.min68b3.js]
[gallantsalons.com/wp-content/themes/moesia/js/carousel-init68b3.js]
[gallantsalons.com/wp-content/themes/moesia/inc/prettyphoto/js/jquery.prettyPhoto.min68b3.js]
[gallantsalons.com/wp-content/themes/moesia/inc/prettyphoto/js/prettyphoto-init68b3.js]
[gallantsalons.com/wp-content/themes/moesia/js/wow.min68b3.js]
[gallantsalons.com/wp-content/themes/moesia/js/wow-init68b3.js]
[gallantsalons.com/wp-content/themes/moesia/js/jquery.sticky68b3.js]
[gallantsalons.com/wp-content/themes/moesia/js/scripts68b3.js]
[gallantsalons.com/wp-content/themes/moesia/js/jquery.fitvids68b3.js]
[gallantsalons.com/xmlrpc0db0.php]
[gallantsalons.com/wp-json/index.html]
[gallantsalons.com/wp-includes/wlwmanifest.xml]
[gallantsalons.com/wp-json/oembed/1.0/embed2409.json]
[gallantsalons.com/wp-content/uploads/2018/07/cropped-Gallant-Salon.jpg]
[gallantsalons.com/wp-content/uploads/2014/07/ISF_world_background.jpg]
[gallantsalons.com/wp-content/uploads/2017/09/cropped-Site-icon-Gallant-32x32.png]
[gallantsalons.com/wp-content/uploads/2017/09/cropped-Site-icon-Gallant-192x192.png]
[gallantsalons.com/wp-content/uploads/2017/09/cropped-Site-icon-Gallant-180x180.png]
[gallantsalons.com/wp-content/uploads/2018/04/Gallant-Logo-copy.png]
[gallantsalons.com/about-us/index.html]
[demo.athemes.com/moesia/wp-content/uploads/sites/25/2014/07/new-york-city-556848_1280.jpg]
[gallantsalons.com/blog/index.html]
[gallantsalons.com/contact/index.html]
[gallantsalons.com/wp-content/gallery/gallant-salon-interior/g1.jpg]
[gallantsalons.com/wp-content/gallery/gallant-salon-interior/thumbs/thumbs_g1.jpg]
[gallantsalons.com/wp-content/gallery/gallant-salon-interior/g2.jpg]
[gallantsalons.com/wp-content/gallery/gallant-salon-interior/thumbs/thumbs_g2.jpg]
[gallantsalons.com/wp-content/gallery/gallant-salon-interior/g3.jpg]
[gallantsalons.com/wp-content/gallery/gallant-salon-interior/thumbs/thumbs_g3.jpg]
[gallantsalons.com/wp-content/gallery/gallant-salon-interior/g4.jpg]
[gallantsalons.com/wp-content/gallery/gallant-salon-interior/thumbs/thumbs_g4.jpg]
[gallantsalons.com/wp-content/gallery/gallant-salon-interior/g5.jpg]
[gallantsalons.com/wp-content/gallery/gallant-salon-interior/thumbs/thumbs_g5.jpg]
[gallantsalons.com/wp-content/gallery/gallant-salon-interior/g6.jpg]
[gallantsalons.com/wp-content/gallery/gallant-salon-interior/thumbs/thumbs_g6.jpg]
[gallantsalons.com/wp-content/gallery/gallant-salon-interior/g7.jpg]
[gallantsalons.com/wp-content/gallery/gallant-salon-interior/thumbs/thumbs_g7.jpg]
[gallantsalons.com/wp-content/gallery/gallant-salon-interior/g8.jpg]
[gallantsalons.com/wp-content/gallery/gallant-salon-interior/thumbs/thumbs_g8.jpg]
[gallantsalons.com/wp-content/gallery/gallant-salon-interior/g10.jpg]
[gallantsalons.com/wp-content/gallery/gallant-salon-interior/thumbs/thumbs_g10.jpg]
[gallantsalons.com/wp-content/uploads/2014/07/7a-350x250.jpg]
[gallantsalons.com/wp-content/uploads/2014/07/7a.jpg]
[gallantsalons.com/projects/make-up/index.html]
[gallantsalons.com/wp-content/uploads/2014/07/9a-350x250.jpg]
[gallantsalons.com/wp-content/uploads/2014/07/9a.jpg]
[gallantsalons.com/projects/kids-haircut/index.html]
[gallantsalons.com/wp-content/uploads/2014/07/8a-350x250.jpg]
[gallantsalons.com/wp-content/uploads/2014/07/8a.jpg]
[gallantsalons.com/wp-content/uploads/2014/07/2a-350x250.jpg]
[gallantsalons.com/projects/project-4/index.html]
[gallantsalons.com/wp-content/uploads/2014/07/2a.jpg]
[gallantsalons.com/wp-content/uploads/2018/07/a11-150x75.png]
[gallantsalons.com/wp-content/uploads/2018/07/a12-150x75.png]
[gallantsalons.com/wp-content/uploads/2018/07/a10-150x75.png]
[gallantsalons.com/wp-content/uploads/2018/07/a9-150x75.png]
[gallantsalons.com/wp-content/uploads/2018/07/a8-150x75.png]
[gallantsalons.com/wp-content/uploads/2018/07/a5-150x75.png]
[gallantsalons.com/wp-content/uploads/2018/07/a4-150x75.png]
[gallantsalons.com/wp-content/uploads/2018/07/a2-150x75.png]
[gallantsalons.com/wp-content/uploads/2018/07/a3-150x75.png]
[gallantsalons.com/wp-content/uploads/2018/07/a1-150x75.png]
[gallantsalons.com/wp-content/uploads/2014/07/7-150x75.png]
[gallantsalons.com/wp-content/uploads/2014/07/6-150x75.png]
[gallantsalons.com/wp-content/uploads/2014/07/1-150x75.png]
[gallantsalons.com/wp-content/uploads/2014/07/no_image_user.png]
[demo.athemes.com/moesia/wp-content/uploads/sites/25/2011/05/internet-295264.png]
[gallantsalons.com/wp-content/uploads/2017/09/shutterstock_618265658copy-400x286.jpg]
[gallantsalons.com/hello-world/index.html]
[gallantsalons.com/wp-content/uploads/2014/06/hair-tools-and-accessories-400x400.jpg]
[gallantsalons.com/sed-eleifend-sed/index.html]
[gallantsalons.com/wp-content/uploads/2014/06/images-1.jpg]
[gallantsalons.com/ut-lobortis-urna-non/index.html]
[gallantsalons.com/wp-content/themes/moesia/js/navigation11a8.js]
[gallantsalons.com/wp-includes/js/comment-reply.minc8f9.js]
[gallantsalons.com/wp-includes/js/wp-embed.minc8f9.js]
[gallantsalons.com/wp-content/plugins/nextgen-gallery/products/photocrati_nextgen/modules/ajax/static/ajax.min41fe.js]
[gallantsalons.com/wp-content/plugins/nextgen-gallery/products/photocrati_nextgen/modules/nextgen_gallery_display/static/common.min41fe.js]
[gallantsalons.com/wp-content/plugins/nextgen-gallery/products/photocrati_nextgen/modules/nextgen_basic_gallery/static/thumbnails/nextgen_basic_thumbnails.min41fe.js]
[gallantsalons.com/wp-content/plugins/nextgen-gallery/products/photocrati_nextgen/modules/lightbox/static/lightbox_context.min41fe.js]
[gallantsalons.com/wp-content/plugins/nextgen-gallery/products/photocrati_nextgen/modules/lightbox/static/fancybox/jquery.easing-1.3.pack41fe.js]
[gallantsalons.com/wp-content/plugins/nextgen-gallery/products/photocrati_nextgen/modules/lightbox/static/fancybox/jquery.fancybox-1.3.4.pack41fe.js]
[gallantsalons.com/wp-content/plugins/nextgen-gallery/products/photocrati_nextgen/modules/lightbox/static/fancybox/nextgen_fancybox_init.min41fe.js]
[gallantsalons.com/wp-content/plugins/siteorigin-panels/js/siteorigin-parallax.minde39.js]
[gallantsalons.com/wp-content/plugins/siteorigin-panels/js/styling-273.minde39.js]
[gallantsalons.com/index.html]
[gallantsalons.com/xmlrpc.php]
[gallantsalons.com/wp-content/themes/moesia/css/bootstrap/bootstrap.min68b3.css]
[gallantsalons.com/wp-content/plugins/siteorigin-panels/css/front-flex.minde39.css]
[gallantsalons.com/wp-content/themes/moesia/images/pattern.png]
[gallantsalons.com/wp-content/themes/moesia/stylec8f9.css]
[gallantsalons.com/wp-content/themes/moesia/fonts/fontawesome-webfontd41d.eot]
[gallantsalons.com/wp-content/themes/moesia/fonts/fontawesome-webfont3e6e.woff2]
[gallantsalons.com/wp-content/themes/moesia/fonts/fontawesome-webfont3e6e.woff]
[gallantsalons.com/wp-content/themes/moesia/fonts/fontawesome-webfont3e6e.ttf]
[gallantsalons.com/wp-content/themes/moesia/fonts/font-awesome.minc8f9.css]
[gallantsalons.com/wp-content/themes/moesia/inc/prettyphoto/images/prettyPhoto/default/sprite.png]
[gallantsalons.com/wp-content/themes/moesia/inc/prettyphoto/images/prettyPhoto/default/sprite_x.png]
[gallantsalons.com/wp-content/themes/moesia/inc/prettyphoto/images/prettyPhoto/default/sprite_y.png]
[gallantsalons.com/wp-content/themes/moesia/inc/prettyphoto/images/prettyPhoto/default/sprite_next.png]
[gallantsalons.com/wp-content/themes/moesia/inc/prettyphoto/images/prettyPhoto/default/sprite_prev.png]
[gallantsalons.com/wp-content/themes/moesia/inc/prettyphoto/images/prettyPhoto/default/default_thumb.png]
[gallantsalons.com/wp-content/themes/moesia/inc/prettyphoto/images/prettyPhoto/default/loader.gif]
[gallantsalons.com/wp-content/themes/moesia/inc/prettyphoto/images/prettyPhoto/light_rounded/sprite.png]
[gallantsalons.com/wp-content/themes/moesia/inc/prettyphoto/images/prettyPhoto/light_rounded/btnPrevious.png]
[gallantsalons.com/wp-content/themes/moesia/inc/prettyphoto/images/prettyPhoto/dark_rounded/sprite.png]
[gallantsalons.com/wp-content/themes/moesia/inc/prettyphoto/images/prettyPhoto/dark_rounded/contentPattern.png]
[gallantsalons.com/wp-content/themes/moesia/inc/prettyphoto/images/prettyPhoto/dark_rounded/btnNext.png]
[gallantsalons.com/wp-content/themes/moesia/inc/prettyphoto/images/prettyPhoto/dark_rounded/loader.gif]
[gallantsalons.com/wp-content/themes/moesia/inc/prettyphoto/images/prettyPhoto/dark_square/loader.gif]
[gallantsalons.com/wp-content/themes/moesia/inc/prettyphoto/images/prettyPhoto/dark_square/sprite.png]
[gallantsalons.com/wp-content/themes/moesia/inc/prettyphoto/images/prettyPhoto/dark_square/btnPrevious.png]
[gallantsalons.com/wp-content/themes/moesia/inc/prettyphoto/images/prettyPhoto/light_square/sprite.png]
[gallantsalons.com/wp-content/themes/moesia/inc/prettyphoto/images/prettyPhoto/light_square/btnNext.png]
[gallantsalons.com/wp-content/themes/moesia/inc/prettyphoto/images/prettyPhoto/light_square/btnPrevious.png]
[gallantsalons.com/wp-content/themes/moesia/inc/prettyphoto/images/prettyPhoto/facebook/sprite.png]
[gallantsalons.com/wp-content/themes/moesia/inc/prettyphoto/images/prettyPhoto/facebook/contentPatternTop.png]
[gallantsalons.com/wp-content/themes/moesia/inc/prettyphoto/images/prettyPhoto/facebook/contentPatternLeft.png]
[gallantsalons.com/wp-content/themes/moesia/inc/prettyphoto/images/prettyPhoto/facebook/contentPatternRight.png]
[gallantsalons.com/wp-content/themes/moesia/inc/prettyphoto/images/prettyPhoto/facebook/loader.gif]
[gallantsalons.com/wp-content/themes/moesia/inc/prettyphoto/images/prettyPhoto/facebook/btnNext.png]
[gallantsalons.com/wp-content/themes/moesia/inc/prettyphoto/images/prettyPhoto/facebook/btnPrevious.png]
[gallantsalons.com/wp-content/themes/moesia/inc/prettyphoto/images/prettyPhoto/facebook/contentPatternBottom.png]
[gallantsalons.com/wp-content/themes/moesia/inc/prettyphoto/images/prettyPhoto/facebook/default_thumbnail.gif]
[gallantsalons.com/wp-content/themes/moesia/inc/prettyphoto/images/prettyPhoto/light_rounded/loader.gif]
[gallantsalons.com/wp-content/themes/moesia/inc/prettyphoto/css/prettyPhoto.minc8f9.css]
[gallantsalons.com/wp-content/themes/moesia/css/animate/animate.minc8f9.css]
[gallantsalons.com/wp-content/plugins/nextgen-gallery/products/photocrati_nextgen/modules/widget/static/widgets.min41fe.css]
[gallantsalons.com/wp-content/plugins/nextgen-gallery/products/photocrati_nextgen/modules/nextgen_basic_gallery/static/thumbnails/nextgen_basic_thumbnails.min41fe.css]
[gallantsalons.com/wp-content/plugins/nextgen-gallery/products/photocrati_nextgen/modules/nextgen_gallery_display/static/trigger_buttons.min41fe.css]
[gallantsalons.com/wp-includes/js/jquery/jqueryb8ff.js]
[gallantsalons.com/wp-content/plugins/nextgen-gallery/products/photocrati_nextgen/modules/lightbox/static/fancybox/fancybox.png]
[gallantsalons.com/wp-json/oembed/1.0/embed7e01]
[gallantsalons.com/wp-content/plugins/nextgen-gallery/products/photocrati_nextgen/modules/lightbox/static/fancybox/blank.gif]
[gallantsalons.com/wp-content/plugins/nextgen-gallery/products/photocrati_nextgen/modules/lightbox/static/fancybox/fancybox-x.png]
[gallantsalons.com/wp-content/plugins/nextgen-gallery/products/photocrati_nextgen/modules/lightbox/static/fancybox/fancybox-y.png]
[gallantsalons.com/wp-content/plugins/nextgen-gallery/products/photocrati_nextgen/modules/lightbox/static/fancybox/fancy_title_over.png]
[gallantsalons.com/wp-content/plugins/nextgen-gallery/products/photocrati_nextgen/modules/lightbox/static/fancybox/jquery.fancybox-1.3.4.min41fe.css]
[gallantsalons.com/wp-content/plugins/nextgen-gallery/products/photocrati_nextgen/modules/nextgen_gallery_display/static/fonts/fontawesome-webfont914c.eot]
[gallantsalons.com/wp-content/plugins/nextgen-gallery/products/photocrati_nextgen/modules/nextgen_gallery_display/static/fonts/fontawesome-webfontd41d.eot]
[gallantsalons.com/wp-content/plugins/nextgen-gallery/products/photocrati_nextgen/modules/nextgen_gallery_display/static/fonts/fontawesome-webfont914c.woff2]
[gallantsalons.com/wp-content/plugins/nextgen-gallery/products/photocrati_nextgen/modules/nextgen_gallery_display/static/fonts/fontawesome-webfont914c.woff]
[gallantsalons.com/wp-content/plugins/nextgen-gallery/products/photocrati_nextgen/modules/nextgen_gallery_display/static/fonts/fontawesome-webfont914c.ttf]
[gallantsalons.com/wp-content/plugins/nextgen-gallery/products/photocrati_nextgen/modules/nextgen_gallery_display/static/fontawesome/font-awesome.min1c9b.css]
[gallantsalons.com/wp-content/plugins/nextgen-gallery/products/photocrati_nextgen/modules/nextgen_pagination/static/style.min41fe.css]
[gallantsalons.com/wp-content/ngg_styles/nggallery41fe.css]
[gallantsalons.com/wp-content/uploads/2017/09/shutterstock_618265658copy-750x537.jpg]
[gallantsalons.com/wp-content/uploads/2014/06/hair-tools-and-accessories-750x750.jpg]
[gallantsalons.com/category/uncategorized/index.html]
[gallantsalons.com/blog/index.html]
[gallantsalons.com/tag/content-2/index.html]
[gallantsalons.com/2017/09/index.html]
[gallantsalons.com/author/admin/index.html]
[gallantsalons.com/wp-json/oembed/1.0/embed810f.json]
[gallantsalons.com/tag/preview/index.html]
[gallantsalons.com/2014/06/index.html]
[gallantsalons.com/wp-json/oembed/1.0/embede580]
[gallantsalons.com/category/abstract/index.html]
[gallantsalons.com/category/nature/index.html]
[gallantsalons.com/wp-content/uploads/2018/07/Gallant-Salon-Top-Salons-300x202.jpg]
[gallantsalons.com/contact/index.html]
[gallantsalons.com/category/featured/index.html]
[gallantsalons.com/category/animals/index.html]
[gallantsalons.com/wp-json/oembed/1.0/embedfe5c]
[gallantsalons.com/projects/make-up/index.html]
[gallantsalons.com/wp-content/uploads/2014/07/7a.jpg]
[gallantsalons.com/projects/kids-haircut/index.html]
[gallantsalons.com/wp-content/uploads/2014/07/9a.jpg]
[gallantsalons.com/wp-content/uploads/2014/07/5a-350x250.jpg]
[gallantsalons.com/wp-content/uploads/2014/07/4a-350x250.jpg]
[gallantsalons.com/projects/project-5/index.html]
[gallantsalons.com/wp-content/uploads/2014/07/4a.jpg]
[gallantsalons.com/wp-json/oembed/1.0/embedb640.json]
[gallantsalons.com/projects/project-4/feed/index.html]
[gallantsalons.com/projects/project-4/index.html]
[gallantsalons.com/wp-json/oembed/1.0/embed475c.json]
[gallantsalons.com/hello-world/feed/index.html]
[gallantsalons.com/wp-json/oembed/1.0/embedc4ab]
[gallantsalons.com/hello-world/index.html]
[gallantsalons.com/hello-world/index6809.html]
[gallantsalons.com/sed-eleifend-sed/feed/index.html]
[gallantsalons.com/wp-json/oembed/1.0/embed5092.json]
[gallantsalons.com/wp-json/oembed/1.0/embed1f54]
[gallantsalons.com/sed-eleifend-sed/index.html]
[gallantsalons.com/wp-json/oembed/1.0/embed73fe.json]
[gallantsalons.com/ut-lobortis-urna-non/feed/index.html]
[gallantsalons.com/wp-json/oembed/1.0/embed49f4]
[gallantsalons.com/ut-lobortis-urna-non/index.html]
[gallantsalons.com/wp-content/themes/moesia/js/skip-link-focus-fix08e0.js]
[gallantsalons.com/wp-content/themes/moesia/fonts/fontawesome-webfont3e6e.eot]
[gallantsalons.com/wp-content/themes/moesia/fonts/fontawesome-webfont3e6e.svg]
[gallantsalons.com/wp-content/themes/moesia/inc/prettyphoto/images/prettyPhoto/light_rounded/btnNext.png]
[gallantsalons.com/wp-content/themes/moesia/inc/prettyphoto/images/prettyPhoto/dark_square/btnNext.png]
[gallantsalons.com/wp-content/plugins/nextgen-gallery/products/photocrati_nextgen/modules/nextgen_gallery_display/static/fonts/fontawesome-webfont914c.svg]
[gallantsalons.com/category/uncategorized/index.html]
[gallantsalons.com/category/featured/index.html]
[gallantsalons.com/category/featured/feed/index.html]
[gallantsalons.com/category/uncategorized/feed/index.html]
[gallantsalons.com/tag/content-2/index.html]
[gallantsalons.com/tag/preview/index.html]
[gallantsalons.com/tag/content-2/feed/index.html]
[gallantsalons.com/tag/preview/feed/index.html]
[gallantsalons.com/2017/09/index.html]
[gallantsalons.com/2014/06/index.html]
[gallantsalons.com/wp-content/themes/moesia/inc/prettyphoto/images/prettyPhoto/dark_rounded/btnPrevious.png]
[gallantsalons.com/wp-content/uploads/2014/07/8a-750x496.jpg]
[gallantsalons.com/category/abstract/index.html]
[gallantsalons.com/category/abstract/feed/index.html]
[gallantsalons.com/services/service-six/index.html]
[gallantsalons.com/services/service-five/index.html]
[gallantsalons.com/services/service-four/index.html]
[gallantsalons.com/wp-content/uploads/2014/07/4a-750x496.jpg]
[gallantsalons.com/category/animals/index.html]
[gallantsalons.com/category/nature/feed/index.html]
[gallantsalons.com/category/animals/feed/index.html]
[gallantsalons.com/wp-content/uploads/2014/07/2a-750x496.jpg]
[gallantsalons.com/category/nature/index.html]
[gallantsalons.com/index5663.html]
[gallantsalons.com/wp-login.php]
[gallantsalons.com/indexf51e.html]
[gallantsalons.com/wp-json/oembed/1.0/embede13b]
[gallantsalons.com/index605c.html]
[gallantsalons.com/projects/kids-haircut/feed/index.html]
[gallantsalons.com/wp-json/oembed/1.0/embed6fb2]
[gallantsalons.com/wp-json/oembed/1.0/embed6cdb]
[gallantsalons.com/projects/project-7/index.html]
[gallantsalons.com/wp-content/uploads/2014/07/5a.jpg]
[gallantsalons.com/wp-json/oembed/1.0/embed4567.json]
[gallantsalons.com/projects/project-5/feed/index.html]
[gallantsalons.com/wp-json/oembed/1.0/embedbbd7]
[gallantsalons.com/projects/project-5/index.html]
[gallantsalons.com/index8175.html]
[gallantsalons.com/projects/project-3/index.html]
[gallantsalons.com/indexcff1.html]
[gallantsalons.com/hello-world/index6809.html]
[gallantsalons.com/indexed1a.html]
[gallantsalons.com/indexa9a7.html]
[gallantsalons.com/wp-json/oembed/1.0/embedc309]
[gallantsalons.com/wp-json/oembed/1.0/embed2abc.json]
[gallantsalons.com/wp-json/oembed/1.0/embedd7b1]
[gallantsalons.com/services/service-six/index.html]
[gallantsalons.com/wp-json/oembed/1.0/embed6b02.json]
[gallantsalons.com/projects/make-up/feed/index.html]
[gallantsalons.com/wp-json/oembed/1.0/embed0c87]
[gallantsalons.com/services/service-five/index.html]
[gallantsalons.com/services/service-three/index.html]
[gallantsalons.com/wp-json/oembed/1.0/embedc4ef.json]
[gallantsalons.com/wp-json/oembed/1.0/embedb64b]
[gallantsalons.com/services/service-four/index.html]
[gallantsalons.com/wp-loginc2b6.html]
[gallantsalons.com/wp-login.php]
[gallantsalons.com/wp-json/oembed/1.0/embedac5b]
[gallantsalons.com/projects/project-7/feed/index.html]
[gallantsalons.com/wp-json/oembed/1.0/embed8e91]
[gallantsalons.com/projects/project-7/index.html]
[gallantsalons.com/index8c51.html]
[gallantsalons.com/wp-json/oembed/1.0/embeda6e8]
[gallantsalons.com/projects/project-3/index.html]
[gallantsalons.com/index409c.html]
[gallantsalons.com/index3ab5.html]
[gallantsalons.com/services/service-two/index.html]
[gallantsalons.com/wp-json/oembed/1.0/embed86e8.json]
[gallantsalons.com/wp-json/oembed/1.0/embed790e]
[gallantsalons.com/services/service-three/index.html]
[gallantsalons.com/indexe137.html]
[gallantsalons.com/wp-loginc2b6.html]
[gallantsalons.com/index58f6.html]
[gallantsalons.com/indexa6b4.html]
[gallantsalons.com/wp-json/oembed/1.0/embed3355]
[gallantsalons.com/projects/project-3/feed/index.html]
[gallantsalons.com/wp-json/oembed/1.0/embed2ed2.json]
[gallantsalons.com/services/service-one/index.html]
[gallantsalons.com/wp-json/oembed/1.0/embed0025]
[gallantsalons.com/services/service-two/index.html]
[gallantsalons.com/index9924.html]
[gallantsalons.com/wp-json/oembed/1.0/embed0fdf.json]
[gallantsalons.com/wp-json/oembed/1.0/embed26a5]
[gallantsalons.com/services/service-one/index.html]
[gallantsalons.com/index55cf.html]
[gallantsalons.com/index3e97.html]
