[www.playup.com/index.html]
[backblue.gif]
[fade.gif]
[index.html]
[www.playup.com/wp-content/themes/playup/css/libs5010.css]
[www.playup.com/wp-content/themes/playup/css/main5010.css]
[www.playup.com/wp-json/index.html]
[www.playup.com/wp-json/oembed/1.0/embeda7c3.json]
[www.playup.com/wp-json/oembed/1.0/embed15ca]
[www.playup.com/wp-content/uploads/2018/04/favicon-32x32.png]
[www.playup.com/wp-content/uploads/2018/04/favicon-192x192.png]
[www.playup.com/wp-content/uploads/2018/04/favicon-180x180.png]
[js.appboycdn.com/web-sdk/2.2/appboy.min.js]
[www.playup.com/wp-content/uploads/2018/04/logo-playup.png]
[www.playup.com/wp-content/themes/playup/images/icon-facebook.svg]
[www.playup.com/wp-content/themes/playup/images/icon-twitter.svg]
[www.playup.com/wp-content/themes/playup/images/icon-instagram.svg]
[www.playup.com/wp-content/uploads/2018/04/bg-hero.jpg]
[www.playup.com/wp-content/uploads/2018/04/image-playup-cellphone.png]
[www.playup.com/wp-content/uploads/2018/04/image-basketball.png]
[www.playup.com/wp-content/themes/playup/images/image-celebration.png]
[www.playup.com/wp-content/uploads/2018/04/image-profile-brettlee.jpg]
[www.playup.com/wp-content/uploads/2018/04/icon-flag-aus.png]
[www.playup.com/wp-content/uploads/2018/04/image-profile-chriscorah.jpg]
[www.playup.com/wp-content/uploads/2018/04/icon-flag-usa.png]
[www.playup.com/wp-content/uploads/2018/04/image-profile-rhyskelly.jpg]
[www.playup.com/wp-content/uploads/2018/04/image-profile-gauravborana.jpg]
[www.playup.com/wp-content/uploads/2018/04/icon-flag-ind.png]
[www.playup.com/wp-content/uploads/2018/04/image-profile-derekchesney.jpg]
[www.playup.com/wp-content/uploads/2018/04/image-profile-michaelparoczy.jpg]
[www.playup.com/wp-content/uploads/2018/04/image-profile-vpsreddy.jpg]
[www.playup.com/wp-content/uploads/2018/04/image-app-step1.png]
[www.playup.com/wp-content/uploads/2018/04/image-app-step2.png]
[www.playup.com/wp-content/uploads/2018/04/image-app-step3.png]
[www.playup.com/wp-content/uploads/2018/04/image-player.png]
[www.playup.com/wp-content/uploads/2018/04/btn-appstore.png]
[www.playup.com/wp-content/uploads/2018/04/btn-playstore.png]
[www.playup.com/cdn-cgi/l/email-protection.html]
[www.playup.com/wp-content/uploads/2018/04/logo-onesport.png]
[www.playup.com/cdn-cgi/scripts/5c5dd728/cloudflare-static/email-decode.min.js]
[www.playup.com/wp-content/themes/playup/js/libs5010.js]
[www.playup.com/wp-content/themes/playup/js/main5010.js]
[www.playup.com/index.html]
[www.playup.com/wp-content/themes/playup/css/libs5010.css]
[www.playup.com/wp-includes/js/wp-embed.min5010.js]
[www.playup.com/wp-content/themes/playup/images/bg-hero.jpg]
[www.playup.com/wp-content/themes/playup/images/bg-hero-mobile.jpg]
[www.playup.com/wp-content/themes/playup/images/bg-dark-blue.jpg]
[www.playup.com/wp-content/themes/playup/images/icon-flag-aus.png]
[www.playup.com/wp-content/themes/playup/images/icon-flag-ind.png]
[www.playup.com/wp-content/themes/playup/images/icon-flag-usa.png]
[www.playup.com/wp-content/themes/playup/images/icon-arrow.svg]
[www.playup.com/wp-content/themes/playup/images/bg-white.jpg]
[www.playup.com/wp-content/themes/playup/images/bg-video.png]
[www.playup.com/wp-content/themes/playup/images/ico-banner-desktop.jpg]
[www.playup.com/wp-content/themes/playup/images/ico-banner-mobile.jpg]
[www.playup.com/wp-content/themes/playup/css/main5010.css]
[www.playup.com/wp-content/themes/playup/images/icon-facebook.svg]
[www.playup.com/wp-content/themes/playup/images/icon-twitter.svg]
[www.playup.com/wp-content/themes/playup/images/icon-instagram.svg]
[www.playup.com/cdn-cgi/l/email-protection.html]
[www.playup.com/wp-content/themes/playup/js/libs5010.js]
[www.playup.com/wp-content/themes/playup/js/main5010.js]
[www.playup.com/wp-includes/js/wp-embed.min5010.js]
[www.playup.com/wp-content/themes/playup/images/icon-arrow.svg]
[www.playup.com/dist/index.html]
[www.playup.com/dist/index.html]
