[fleetcart.envaysoft.com/en.html]
[backblue.gif]
[fade.gif]
[index.html]
[fleetcart.envaysoft.com/storage/media/xus6Sg1EA7tpu14nhtVGcJcGLDQjC6p03rwOqvWp.webp]
[fleetcart.envaysoft.com/en/contact.html]
[fleetcart.envaysoft.com/themes/storefront/public/css/appe8da.css]
[fleetcart.envaysoft.com/en/compare.html]
[fleetcart.envaysoft.com/ar.html]
[fleetcart.envaysoft.com/en/login.html]
[fleetcart.envaysoft.com/storage/media/sYz5yv4PFARhTermBT1eIeQFM1kbKgLLZFPwq0XM.webp]
[fleetcart.envaysoft.com/en/categories/electronics/products.html]
[fleetcart.envaysoft.com/en/categories/mobiles/products.html]
[fleetcart.envaysoft.com/en/categories/smartphones/products.html]
[fleetcart.envaysoft.com/en/categories/android/products.html]
[fleetcart.envaysoft.com/en/categories/iphone/products.html]
[fleetcart.envaysoft.com/en/categories/featured/products.html]
[fleetcart.envaysoft.com/en/categories/refurbished/products.html]
[fleetcart.envaysoft.com/en/categories/brands/products.html]
[fleetcart.envaysoft.com/en/categories/mobile-accessories/products.html]
[fleetcart.envaysoft.com/en/categories/cases-covers/products.html]
[fleetcart.envaysoft.com/en/categories/cables/products.html]
[fleetcart.envaysoft.com/en/categories/chargers/products.html]
[fleetcart.envaysoft.com/en/categories/power-bank/products.html]
[fleetcart.envaysoft.com/en/categories/mobile-headphones/products.html]
[fleetcart.envaysoft.com/en/categories/screen-protectors/products.html]
[fleetcart.envaysoft.com/en/categories/hot-brands/products.html]
[fleetcart.envaysoft.com/en/categories/oneplus/products.html]
[fleetcart.envaysoft.com/en/categories/apple/products.html]
[fleetcart.envaysoft.com/en/categories/samsung/products.html]
[fleetcart.envaysoft.com/en/categories/huawei/products.html]
[fleetcart.envaysoft.com/en/categories/sony/products.html]
[fleetcart.envaysoft.com/en/categories/laptops/products.html]
[fleetcart.envaysoft.com/en/categories/mackbook/products.html]
[fleetcart.envaysoft.com/en/categories/gaming/products.html]
[fleetcart.envaysoft.com/en/categories/ultraslim/products.html]
[fleetcart.envaysoft.com/en/categories/tablets/products.html]
[fleetcart.envaysoft.com/en/categories/all-laptops/products.html]
[fleetcart.envaysoft.com/en/categories/monitors/products.html]
[fleetcart.envaysoft.com/en/categories/computer-accessories/products.html]
[fleetcart.envaysoft.com/en/categories/keyboard-mouse/products.html]
[fleetcart.envaysoft.com/en/categories/pendrive/products.html]
[fleetcart.envaysoft.com/en/categories/speaker/products.html]
[fleetcart.envaysoft.com/storage/media/VNwyPPjdR15wlVWqB2iOYVDnZjW2X2qI7sDq5yan.webp]
[fleetcart.envaysoft.com/en/categories/mens-fashion/products.html]
[fleetcart.envaysoft.com/en/categories/clothing/products.html]
[fleetcart.envaysoft.com/en/categories/shirts/products.html]
[fleetcart.envaysoft.com/en/categories/all-clothing/products.html]
[fleetcart.envaysoft.com/en/categories/sportswear/products.html]
[fleetcart.envaysoft.com/en/categories/tees-polos/products.html]
[fleetcart.envaysoft.com/en/categories/pants/products.html]
[fleetcart.envaysoft.com/en/categories/formal-shoes/products.html]
[fleetcart.envaysoft.com/en/categories/shoes/products.html]
[fleetcart.envaysoft.com/en/categories/all-shoes/products.html]
[fleetcart.envaysoft.com/en/categories/sneakers/products.html]
[fleetcart.envaysoft.com/en/categories/boots/products.html]
[fleetcart.envaysoft.com/en/categories/sandals/products.html]
[fleetcart.envaysoft.com/en/categories/slippers-flip-flops/products.html]
[fleetcart.envaysoft.com/en/categories/sports-shoes/products.html]
[fleetcart.envaysoft.com/en/categories/outerwear-jackets/products.html]
[fleetcart.envaysoft.com/en/categories/trench/products.html]
[fleetcart.envaysoft.com/en/categories/genuine-leather/products.html]
[fleetcart.envaysoft.com/en/categories/down-jackets/products.html]
[fleetcart.envaysoft.com/en/categories/wool-blends/products.html]
[fleetcart.envaysoft.com/en/categories/suits-blazer/products.html]
[fleetcart.envaysoft.com/en/categories/hot-sale/products.html]
[fleetcart.envaysoft.com/en/categories/hoodies-sweatshirts/products.html]
[fleetcart.envaysoft.com/en/categories/jackets/products.html]
[fleetcart.envaysoft.com/en/categories/t-shirts/products.html]
[fleetcart.envaysoft.com/en/categories/shirts-Qfb3u0OP/products.html]
[fleetcart.envaysoft.com/en/categories/sweaters/products.html]
[fleetcart.envaysoft.com/en/categories/bottoms/products.html]
[fleetcart.envaysoft.com/en/categories/casual-pants/products.html]
[fleetcart.envaysoft.com/en/categories/sweatpants/products.html]
[fleetcart.envaysoft.com/en/categories/cargo-pants/products.html]
[fleetcart.envaysoft.com/en/categories/jeans/products.html]
[fleetcart.envaysoft.com/en/categories/harem-pants/products.html]
[fleetcart.envaysoft.com/en/brands/hp/products.html]
[fleetcart.envaysoft.com/en/brands/asus/products.html]
[fleetcart.envaysoft.com/storage/media/0sJXzZis0Jt1ww9IJ5T9ksgCPCw5tAWbaexto4tU.webp]
[fleetcart.envaysoft.com/en/brands/apple/products.html]
[fleetcart.envaysoft.com/en/categories/televisions/products.html]
[fleetcart.envaysoft.com/en/categories/watches/products.html]
[fleetcart.envaysoft.com/en/categories/womens-fashion/products.html]
[fleetcart.envaysoft.com/en/categories/backpacks/products.html]
[fleetcart.envaysoft.com/en/categories.html]
[fleetcart.envaysoft.com/en/brands.html]
[fleetcart.envaysoft.com/en/products.html]
[fleetcart.envaysoft.com/en/about-us.html]
[fleetcart.envaysoft.com/en/terms-conditions.html]
[fleetcart.envaysoft.com/en/faq.html]
[fleetcart.envaysoft.com/storage/media/sI7VgfyGD34wV72X3pk8CCCI3QrpsZu1TiEM3kJ6.webp]
[fleetcart.envaysoft.com/storage/media/kTJZ8JjEO16NYuj28aN9f88c1SKIm9ELvYOE8pvC.webp]
[fleetcart.envaysoft.com/storage/media/yAaq3dHTWLOlac12ioxGgVrZ3xtrIhKnL5r3roIl.webp]
[fleetcart.envaysoft.com/storage/media/5siKhRlEDQFmbiJRwCNBW3rDsbG7m1r2PibvtNeF.webp]
[fleetcart.envaysoft.com/storage/media/yl6rNkswnKQzh7mouQ0HpagRLwBpnq3Mt9LZMRak.webp]
[fleetcart.envaysoft.com/en/return-policy.html]
[fleetcart.envaysoft.com/en/privacy-policy.html]
[fleetcart.envaysoft.com/en/brands/samsung/products.html]
[fleetcart.envaysoft.com/en/brands/msi/products.html]
[fleetcart.envaysoft.com/en/tags/accessories/products.html]
[fleetcart.envaysoft.com/en/tags/electronics/products.html]
[fleetcart.envaysoft.com/en/tags/entertainment/products.html]
[fleetcart.envaysoft.com/en/tags/fashion/products.html]
[fleetcart.envaysoft.com/en/tags/gadgets/products.html]
[fleetcart.envaysoft.com/en/tags/hot-deals/products.html]
[fleetcart.envaysoft.com/en/tags/lifestyle/products.html]
[fleetcart.envaysoft.com/storage/media/r28gsyypi1oT531dU1MY1EjSskTWQbRIm7OHyTCl.webp]
[fleetcart.envaysoft.com/en/tags/smartphone/products.html]
[fleetcart.envaysoft.com/en/cart.html]
[fleetcart.envaysoft.com/storage/media/VRkauQNSpdKMBmCJA6ZKgXAhfJ58YHKiTsYeVzt6.webp]
[fleetcart.envaysoft.com/en.html]
[fleetcart.envaysoft.com/themes/storefront/public/fonts/la-brands-400.eot]
[fleetcart.envaysoft.com/themes/storefront/public/fonts/la-brands-400d41d.eot]
[fleetcart.envaysoft.com/themes/storefront/public/js/appe8da.js]
[fleetcart.envaysoft.com/themes/storefront/public/fonts/la-brands-400.woff2]
[fleetcart.envaysoft.com/themes/storefront/public/fonts/la-brands-400.woff]
[fleetcart.envaysoft.com/themes/storefront/public/fonts/la-brands-400.ttf]
[fleetcart.envaysoft.com/themes/storefront/public/fonts/la-regular-400.eot]
[fleetcart.envaysoft.com/themes/storefront/public/fonts/la-regular-400d41d.eot]
[fleetcart.envaysoft.com/themes/storefront/public/fonts/la-regular-400.woff2]
[fleetcart.envaysoft.com/themes/storefront/public/fonts/la-regular-400.woff]
[fleetcart.envaysoft.com/themes/storefront/public/fonts/la-regular-400.ttf]
[fleetcart.envaysoft.com/themes/storefront/public/fonts/la-solid-900.eot]
[fleetcart.envaysoft.com/themes/storefront/public/fonts/la-solid-900d41d.eot]
[fleetcart.envaysoft.com/themes/storefront/public/fonts/la-solid-900.woff2]
[fleetcart.envaysoft.com/themes/storefront/public/fonts/la-solid-900.woff]
[fleetcart.envaysoft.com/themes/storefront/public/fonts/la-solid-900.ttf]
[fleetcart.envaysoft.com/themes/storefront/public/css/ajax-loader.gif]
[fleetcart.envaysoft.com/themes/storefront/public/css/fonts/slick.eot]
[fleetcart.envaysoft.com/themes/storefront/public/css/fonts/slickd41d.eot]
[fleetcart.envaysoft.com/themes/storefront/public/css/fonts/slick.woff]
[fleetcart.envaysoft.com/themes/storefront/public/css/fonts/slick.ttf]
[fleetcart.envaysoft.com/themes/storefront/public/images/arrow-black.png]
[fleetcart.envaysoft.com/themes/storefront/public/css/appe8da.css]
[fleetcart.envaysoft.com/index.html]
[fleetcart.envaysoft.com/[^/indexa3c0.html]
[fleetcart.envaysoft.com/en/[^4f88.html]
[fleetcart.envaysoft.com/ar/contact.html]
[fleetcart.envaysoft.com/captcha/imagebc9f.png]
[fleetcart.envaysoft.com/en/contact.html]
[fleetcart.envaysoft.com/ar/compare.html]
[fleetcart.envaysoft.com/en/compare.html]
[fleetcart.envaysoft.com/themes/storefront/public/css/app.rtle8da.css]
[fleetcart.envaysoft.com/ar/login.html]
[fleetcart.envaysoft.com/ar/categories/electronics/products.html]
[fleetcart.envaysoft.com/ar/categories/mobiles/products.html]
[fleetcart.envaysoft.com/ar/categories/smartphones/products.html]
[fleetcart.envaysoft.com/ar/categories/android/products.html]
[fleetcart.envaysoft.com/ar/categories/iphone/products.html]
[fleetcart.envaysoft.com/ar/categories/featured/products.html]
[fleetcart.envaysoft.com/ar/categories/refurbished/products.html]
[fleetcart.envaysoft.com/ar/categories/mobile-accessories/products.html]
[fleetcart.envaysoft.com/ar/categories/brands/products.html]
[fleetcart.envaysoft.com/ar/categories/cases-covers/products.html]
[fleetcart.envaysoft.com/ar/categories/cables/products.html]
[fleetcart.envaysoft.com/ar/categories/chargers/products.html]
[fleetcart.envaysoft.com/ar/categories/power-bank/products.html]
[fleetcart.envaysoft.com/ar/categories/mobile-headphones/products.html]
[fleetcart.envaysoft.com/ar/categories/screen-protectors/products.html]
[fleetcart.envaysoft.com/ar/categories/hot-brands/products.html]
[fleetcart.envaysoft.com/ar/categories/oneplus/products.html]
[fleetcart.envaysoft.com/ar/categories/apple/products.html]
[fleetcart.envaysoft.com/ar/categories/samsung/products.html]
[fleetcart.envaysoft.com/ar/categories/huawei/products.html]
[fleetcart.envaysoft.com/ar/categories/sony/products.html]
[fleetcart.envaysoft.com/ar/categories/laptops/products.html]
[fleetcart.envaysoft.com/ar/categories/mackbook/products.html]
[fleetcart.envaysoft.com/ar/categories/gaming/products.html]
[fleetcart.envaysoft.com/ar/categories/ultraslim/products.html]
[fleetcart.envaysoft.com/ar/categories/tablets/products.html]
[fleetcart.envaysoft.com/ar/categories/all-laptops/products.html]
[fleetcart.envaysoft.com/ar/categories/computer-accessories/products.html]
[fleetcart.envaysoft.com/ar/categories/monitors/products.html]
[fleetcart.envaysoft.com/ar/categories/keyboard-mouse/products.html]
[fleetcart.envaysoft.com/ar/categories/pendrive/products.html]
[fleetcart.envaysoft.com/ar/categories/speaker/products.html]
[fleetcart.envaysoft.com/ar/categories/mens-fashion/products.html]
[fleetcart.envaysoft.com/ar/categories/clothing/products.html]
[fleetcart.envaysoft.com/ar/categories/shirts/products.html]
[fleetcart.envaysoft.com/ar/categories/all-clothing/products.html]
[fleetcart.envaysoft.com/ar/categories/sportswear/products.html]
[fleetcart.envaysoft.com/ar/categories/tees-polos/products.html]
[fleetcart.envaysoft.com/ar/categories/pants/products.html]
[fleetcart.envaysoft.com/ar/categories/formal-shoes/products.html]
[fleetcart.envaysoft.com/ar/categories/shoes/products.html]
[fleetcart.envaysoft.com/ar/categories/all-shoes/products.html]
[fleetcart.envaysoft.com/ar/categories/sneakers/products.html]
[fleetcart.envaysoft.com/ar/categories/boots/products.html]
[fleetcart.envaysoft.com/ar/categories/sandals/products.html]
[fleetcart.envaysoft.com/ar/categories/slippers-flip-flops/products.html]
[fleetcart.envaysoft.com/ar/categories/sports-shoes/products.html]
[fleetcart.envaysoft.com/ar/categories/outerwear-jackets/products.html]
[fleetcart.envaysoft.com/ar/categories/trench/products.html]
[fleetcart.envaysoft.com/ar/categories/genuine-leather/products.html]
[fleetcart.envaysoft.com/ar/categories/down-jackets/products.html]
[fleetcart.envaysoft.com/ar/categories/wool-blends/products.html]
[fleetcart.envaysoft.com/ar/categories/suits-blazer/products.html]
[fleetcart.envaysoft.com/ar/categories/hot-sale/products.html]
[fleetcart.envaysoft.com/ar/categories/hoodies-sweatshirts/products.html]
[fleetcart.envaysoft.com/ar/categories/jackets/products.html]
[fleetcart.envaysoft.com/ar/categories/t-shirts/products.html]
[fleetcart.envaysoft.com/ar/categories/shirts-Qfb3u0OP/products.html]
[fleetcart.envaysoft.com/ar/categories/sweaters/products.html]
[fleetcart.envaysoft.com/ar/categories/bottoms/products.html]
[fleetcart.envaysoft.com/ar/categories/casual-pants/products.html]
[fleetcart.envaysoft.com/ar/categories/sweatpants/products.html]
[fleetcart.envaysoft.com/ar/categories/cargo-pants/products.html]
[fleetcart.envaysoft.com/ar/categories/jeans/products.html]
[fleetcart.envaysoft.com/ar/categories/harem-pants/products.html]
[fleetcart.envaysoft.com/ar/brands/hp/products.html]
[fleetcart.envaysoft.com/ar/brands/asus/products.html]
[fleetcart.envaysoft.com/ar/brands/apple/products.html]
[fleetcart.envaysoft.com/ar/categories/televisions/products.html]
[fleetcart.envaysoft.com/ar/categories/watches/products.html]
[fleetcart.envaysoft.com/ar/categories/womens-fashion/products.html]
[fleetcart.envaysoft.com/ar/categories/backpacks/products.html]
[fleetcart.envaysoft.com/ar/categories.html]
[fleetcart.envaysoft.com/ar/brands.html]
[fleetcart.envaysoft.com/ar/products.html]
[fleetcart.envaysoft.com/ar/about-us.html]
[fleetcart.envaysoft.com/ar/terms-conditions.html]
[fleetcart.envaysoft.com/ar/faq.html]
[fleetcart.envaysoft.com/ar/return-policy.html]
[fleetcart.envaysoft.com/ar/privacy-policy.html]
[fleetcart.envaysoft.com/ar/brands/samsung/products.html]
[fleetcart.envaysoft.com/ar/brands/msi/products.html]
[fleetcart.envaysoft.com/ar/tags/accessories/products.html]
[fleetcart.envaysoft.com/ar/tags/electronics/products.html]
[fleetcart.envaysoft.com/ar/tags/entertainment/products.html]
[fleetcart.envaysoft.com/ar/tags/fashion/products.html]
[fleetcart.envaysoft.com/ar/tags/gadgets/products.html]
[fleetcart.envaysoft.com/ar/tags/hot-deals/products.html]
[fleetcart.envaysoft.com/ar/tags/lifestyle/products.html]
[fleetcart.envaysoft.com/ar/tags/smartphone/products.html]
[fleetcart.envaysoft.com/ar/cart.html]
[fleetcart.envaysoft.com/ar.html]
[fleetcart.envaysoft.com/en/password/reset.html]
[fleetcart.envaysoft.com/en/register.html]
[fleetcart.envaysoft.com/en/login.html]
[fleetcart.envaysoft.com/en/categories/consumer-electronics/products.html]
[fleetcart.envaysoft.com/en/categories/gadgets/products.html]
[fleetcart.envaysoft.com/en/categories/drone/products.html]
[fleetcart.envaysoft.com/en/categories/accessories-supplies/products.html]
[fleetcart.envaysoft.com/en/categories/camera-photo/products.html]
[fleetcart.envaysoft.com/en/categories/car-vehicle-electronics/products.html]
[fleetcart.envaysoft.com/en/categories/cell-phones-accessories/products.html]
[fleetcart.envaysoft.com/en/categories/computers-accessories/products.html]
[fleetcart.envaysoft.com/en/categories/gps-navigation/products.html]
[fleetcart.envaysoft.com/en/categories/headphones/products.html]
[fleetcart.envaysoft.com/en/categories/home-audio/products.html]
[fleetcart.envaysoft.com/en/categories/office-electronics/products.html]
[fleetcart.envaysoft.com/en/categories/portable-audio-video/products.html]
[fleetcart.envaysoft.com/en/categories/security-surveillance/products.html]
[fleetcart.envaysoft.com/en/categories/service-plans/products.html]
[fleetcart.envaysoft.com/en/categories/video-game-consoles-accessories/products.html]
[fleetcart.envaysoft.com/en/categories/video-projectors/products.html]
[fleetcart.envaysoft.com/en/categories/wearable-technology/products.html]
[fleetcart.envaysoft.com/en/categories/ebook-readers-accessories/products.html]
[fleetcart.envaysoft.com/en/categories/computers-office-supplies/products.html]
[fleetcart.envaysoft.com/en/categories/all-computers/products.html]
[fleetcart.envaysoft.com/en/categories/desktops-monitors/products.html]
[fleetcart.envaysoft.com/en/categories/drives-storage/products.html]
[fleetcart.envaysoft.com/en/categories/networking/products.html]
[fleetcart.envaysoft.com/en/categories/keyboards-mice/products.html]
[fleetcart.envaysoft.com/en/categories/pc-gaming/products.html]
[fleetcart.envaysoft.com/en/categories/all-computer-accessories/products.html]
[fleetcart.envaysoft.com/en/categories/printers-ink/products.html]
[fleetcart.envaysoft.com/en/categories/office-school-supplies/products.html]
[fleetcart.envaysoft.com/en/categories/mens-watches/products.html]
[fleetcart.envaysoft.com/en/categories/quartz-watches/products.html]
[fleetcart.envaysoft.com/en/categories/sports-watches/products.html]
[fleetcart.envaysoft.com/en/categories/mechanical-watches/products.html]
[fleetcart.envaysoft.com/en/categories/digital-watches/products.html]
[fleetcart.envaysoft.com/en/categories/womens-watches/products.html]
[fleetcart.envaysoft.com/en/categories/childrens-watches/products.html]
[fleetcart.envaysoft.com/en/categories/pocket-fob-watches/products.html]
[fleetcart.envaysoft.com/en/categories/watch-accessories/products.html]
[fleetcart.envaysoft.com/en/categories/womens-bracelet-watches/products.html]
[fleetcart.envaysoft.com/en/categories/home-living/products.html]
[fleetcart.envaysoft.com/en/categories/bedding/products.html]
[fleetcart.envaysoft.com/en/categories/furniture/products.html]
[fleetcart.envaysoft.com/en/categories/decor/products.html]
[fleetcart.envaysoft.com/en/categories/curtains/products.html]
[fleetcart.envaysoft.com/en/categories/kitcher-utensils/products.html]
[fleetcart.envaysoft.com/en/categories/cooking-baking/products.html]
[fleetcart.envaysoft.com/en/categories/gas-stove/products.html]
[fleetcart.envaysoft.com/en/categories/plastics-melamine/products.html]
[fleetcart.envaysoft.com/en/categories/ceramics-dinnerware/products.html]
[fleetcart.envaysoft.com/en/categories/storage-organisation/products.html]
[fleetcart.envaysoft.com/en/categories/home-care/products.html]
[fleetcart.envaysoft.com/en/categories/cleaning-tools/products.html]
[fleetcart.envaysoft.com/en/categories/laundry/products.html]
[fleetcart.envaysoft.com/en/categories/towel/products.html]
[fleetcart.envaysoft.com/en/categories/travel-accessories/products.html]
[fleetcart.envaysoft.com/en/categories/pest-control/products.html]
[fleetcart.envaysoft.com/en/categories/mens-bags/products.html]
[fleetcart.envaysoft.com/en/categories/womens-bags/products.html]
[fleetcart.envaysoft.com/en/categories/wallets/products.html]
[fleetcart.envaysoft.com/en/categories/kids-babys-bags/products.html]
[fleetcart.envaysoft.com/en/categories/luggage-travel-bags/products.html]
[fleetcart.envaysoft.com/en/categories/functional-bags/products.html]
[fleetcart.envaysoft.com/en/categories/coin-purses-holders/products.html]
[fleetcart.envaysoft.com/en/categories/bag-parts-accessories/products.html]
[fleetcart.envaysoft.com/en/categories/all-beauty/products.html]
[fleetcart.envaysoft.com/en/categories/make-up/products.html]
[fleetcart.envaysoft.com/en/categories/luxury-beauty/products.html]
[fleetcart.envaysoft.com/en/categories/mens-grooming/products.html]
[fleetcart.envaysoft.com/en/categories/necklace/products.html]
[fleetcart.envaysoft.com/en/categories/perfumes-for-men/products.html]
[fleetcart.envaysoft.com/en/categories/skin-care/products.html]
[fleetcart.envaysoft.com/en/categories/all-perfumes/products.html]
[fleetcart.envaysoft.com/en/categories/perfumes-for-women/products.html]
[fleetcart.envaysoft.com/en/categories/gift-sets/products.html]
[fleetcart.envaysoft.com/en/categories/all-health-personal-care/products.html]
[fleetcart.envaysoft.com/en/categories/personal-care-appliances-9wjMnr3m/products.html]
[fleetcart.envaysoft.com/en/categories/hair-care-styling/products.html]
[fleetcart.envaysoft.com/en/categories/bath-body/products.html]
[fleetcart.envaysoft.com/en/categories/dental-care/products.html]
[fleetcart.envaysoft.com/en/categories/diet-nutrition/products.html]
[fleetcart.envaysoft.com/en/categories/electronics/products.html]
[fleetcart.envaysoft.com/en/categories/mobiles/products.html]
[fleetcart.envaysoft.com/en/categories/smartphones/products.html]
[fleetcart.envaysoft.com/en/categories/android/products.html]
[fleetcart.envaysoft.com/en/categories/iphone/products.html]
[fleetcart.envaysoft.com/en/categories/featured/products.html]
[fleetcart.envaysoft.com/en/categories/refurbished/products.html]
[fleetcart.envaysoft.com/en/categories/brands/products.html]
[fleetcart.envaysoft.com/en/categories/mobile-accessories/products.html]
[fleetcart.envaysoft.com/en/categories/cases-covers/products.html]
[fleetcart.envaysoft.com/en/categories/cables/products.html]
[fleetcart.envaysoft.com/en/categories/chargers/products.html]
[fleetcart.envaysoft.com/en/categories/power-bank/products.html]
[fleetcart.envaysoft.com/en/categories/mobile-headphones/products.html]
[fleetcart.envaysoft.com/en/categories/screen-protectors/products.html]
[fleetcart.envaysoft.com/en/categories/hot-brands/products.html]
[fleetcart.envaysoft.com/en/categories/oneplus/products.html]
[fleetcart.envaysoft.com/en/categories/apple/products.html]
[fleetcart.envaysoft.com/en/categories/samsung/products.html]
[fleetcart.envaysoft.com/en/categories/huawei/products.html]
[fleetcart.envaysoft.com/en/categories/sony/products.html]
[fleetcart.envaysoft.com/en/categories/laptops/products.html]
[fleetcart.envaysoft.com/en/categories/mackbook/products.html]
[fleetcart.envaysoft.com/en/categories/gaming/products.html]
[fleetcart.envaysoft.com/en/categories/ultraslim/products.html]
[fleetcart.envaysoft.com/en/categories/tablets/products.html]
[fleetcart.envaysoft.com/en/categories/all-laptops/products.html]
[fleetcart.envaysoft.com/en/categories/computer-accessories/products.html]
[fleetcart.envaysoft.com/en/categories/monitors/products.html]
[fleetcart.envaysoft.com/en/categories/keyboard-mouse/products.html]
[fleetcart.envaysoft.com/en/categories/pendrive/products.html]
[fleetcart.envaysoft.com/en/categories/speaker/products.html]
[fleetcart.envaysoft.com/en/categories/mens-fashion/products.html]
[fleetcart.envaysoft.com/en/categories/clothing/products.html]
[fleetcart.envaysoft.com/en/categories/shirts/products.html]
[fleetcart.envaysoft.com/en/categories/all-clothing/products.html]
[fleetcart.envaysoft.com/en/categories/sportswear/products.html]
[fleetcart.envaysoft.com/en/categories/tees-polos/products.html]
[fleetcart.envaysoft.com/en/categories/pants/products.html]
[fleetcart.envaysoft.com/en/categories/formal-shoes/products.html]
[fleetcart.envaysoft.com/en/categories/shoes/products.html]
[fleetcart.envaysoft.com/en/categories/all-shoes/products.html]
[fleetcart.envaysoft.com/en/categories/sneakers/products.html]
[fleetcart.envaysoft.com/en/categories/boots/products.html]
[fleetcart.envaysoft.com/en/categories/sandals/products.html]
[fleetcart.envaysoft.com/en/categories/slippers-flip-flops/products.html]
[fleetcart.envaysoft.com/en/categories/sports-shoes/products.html]
[fleetcart.envaysoft.com/en/categories/outerwear-jackets/products.html]
[fleetcart.envaysoft.com/en/categories/trench/products.html]
[fleetcart.envaysoft.com/en/categories/genuine-leather/products.html]
[fleetcart.envaysoft.com/en/categories/down-jackets/products.html]
[fleetcart.envaysoft.com/en/categories/wool-blends/products.html]
[fleetcart.envaysoft.com/en/categories/suits-blazer/products.html]
[fleetcart.envaysoft.com/en/categories/hot-sale/products.html]
[fleetcart.envaysoft.com/en/categories/hoodies-sweatshirts/products.html]
[fleetcart.envaysoft.com/en/categories/jackets/products.html]
[fleetcart.envaysoft.com/en/categories/t-shirts/products.html]
[fleetcart.envaysoft.com/en/categories/shirts-Qfb3u0OP/products.html]
[fleetcart.envaysoft.com/en/categories/sweaters/products.html]
[fleetcart.envaysoft.com/en/categories/bottoms/products.html]
[fleetcart.envaysoft.com/en/categories/casual-pants/products.html]
[fleetcart.envaysoft.com/en/categories/sweatpants/products.html]
[fleetcart.envaysoft.com/en/categories/cargo-pants/products.html]
[fleetcart.envaysoft.com/en/categories/jeans/products.html]
[fleetcart.envaysoft.com/en/categories/harem-pants/products.html]
[fleetcart.envaysoft.com/en/brands/hp/products.html]
[fleetcart.envaysoft.com/en/brands/asus/products.html]
[fleetcart.envaysoft.com/en/brands/apple/products.html]
[fleetcart.envaysoft.com/en/categories/televisions/products.html]
[fleetcart.envaysoft.com/en/categories/watches/products.html]
[fleetcart.envaysoft.com/en/categories/womens-fashion/products.html]
[fleetcart.envaysoft.com/en/categories/backpacks/products.html]
[fleetcart.envaysoft.com/en/categories.html]
[fleetcart.envaysoft.com/en/products.html]
[fleetcart.envaysoft.com/storage/media/jZG1juhijMhWSrn8B4jgsX5x4Vb8dOTdZTtGNACo.webp]
[fleetcart.envaysoft.com/storage/media/nshpkDL124reDq8apPXBcpVrnV8ABDzC88R5gg3K.webp]
[fleetcart.envaysoft.com/en/brands/huawei/products.html]
[fleetcart.envaysoft.com/storage/media/SbgS1CCecSpvvnBeBmG6xP49q2NymXQzJpiHbMAi.webp]
[fleetcart.envaysoft.com/storage/media/JwT1Wydv8ADuSHBh7ZtCaWLkuO2Jy9WYZRovQW1W.webp]
[fleetcart.envaysoft.com/storage/media/j2WP3lfi8JTanXQsxrNDclJAb2RHKxBOtlQwlK2g.webp]
[fleetcart.envaysoft.com/en/brands/oneplus/products.html]
[fleetcart.envaysoft.com/storage/media/8bmlnpJluQBwAAJolyS708652aY6Kj8dEmYQ7woo.webp]
[fleetcart.envaysoft.com/en/brands/dell/products.html]
[fleetcart.envaysoft.com/storage/media/rCfwklCfNTBKz4JGeloPqqI7BTS8PdYibzEkB8mS.webp]
[fleetcart.envaysoft.com/storage/media/JnH5uK3QY3mOamQ8NsHCbtqj0xULHsjOTHtHTbeO.webp]
[fleetcart.envaysoft.com/en/brands/acer/products.html]
[fleetcart.envaysoft.com/en/brands/microsoft/products.html]
[fleetcart.envaysoft.com/storage/media/HSvr36xBFke3Jh6mbDaeAG8jJZ4RH78ousrLr1i2.webp]
[fleetcart.envaysoft.com/storage/media/vW30vojYODrqYBs9x3ToIpBHm1zyrKU7ZhmD9SQG.webp]
[fleetcart.envaysoft.com/en/brands/xiaomi/products.html]
[fleetcart.envaysoft.com/en/brands/google/products.html]
[fleetcart.envaysoft.com/storage/media/RlQnH51zyXArkeBhIT0BCaJiyqAIcdCHCNjnsiZW.webp]
[fleetcart.envaysoft.com/storage/media/8DfT3LNUhYbei3YrhJ1FscMVKiPPQi43LdCY29Am.webp]
[fleetcart.envaysoft.com/storage/media/P9UF8sprnzBNqEnbAd2j82UA4b0fzk85uIZp4H4s.webp]
[fleetcart.envaysoft.com/en/brands/lg/products.html]
[fleetcart.envaysoft.com/en/brands/beats/products.html]
[fleetcart.envaysoft.com/storage/media/3IcUp71JfyiH3wkWU0omhlcs0xqgdWzmY3Z4imMO.webp]
[fleetcart.envaysoft.com/en/brands/adidas/products.html]
[fleetcart.envaysoft.com/storage/media/H0BnQ6XoB6vBb1YAkRg22mncLS76Yv0zGz4T4M04.webp]
[fleetcart.envaysoft.com/storage/media/DbwfoaPYxERzjV8qsFUSpS9UMjskuZ5yauWC3Wtn.webp]
[fleetcart.envaysoft.com/en/brands/nike/products.html]
[fleetcart.envaysoft.com/storage/media/Quysi8IloZADWNe2ZxeK98PN4FgHpoQWBXSnhlQV.webp]
[fleetcart.envaysoft.com/en/brands/levis/products.html]
[fleetcart.envaysoft.com/en/brands/nokia/products.html]
[fleetcart.envaysoft.com/storage/media/cpX550XTke137wP71XC4bd6vGf68l6emVynXq3HJ.webp]
[fleetcart.envaysoft.com/en/brands.html]
[fleetcart.envaysoft.com/storage/media/o7Z3fzwifjBga5shBOeoFJoLl9p3v9Nl12YIhMlE.webp]
[fleetcart.envaysoft.com/storage/media/HmOKyObsMLWvxahqNqsnvjox2PYfZJMPNxuHMs29.jpeg]
[fleetcart.envaysoft.com/en/about-us.html]
[fleetcart.envaysoft.com/en/terms-conditions.html]
[fleetcart.envaysoft.com/en/faq.html]
[fleetcart.envaysoft.com/en/return-policy.html]
[fleetcart.envaysoft.com/en/privacy-policy.html]
[fleetcart.envaysoft.com/en/brands/samsung/products.html]
[fleetcart.envaysoft.com/en/brands/msi/products.html]
[fleetcart.envaysoft.com/en/tags/accessories/products.html]
[fleetcart.envaysoft.com/en/tags/electronics/products.html]
[fleetcart.envaysoft.com/en/tags/entertainment/products.html]
[fleetcart.envaysoft.com/en/tags/fashion/products.html]
[fleetcart.envaysoft.com/en/tags/gadgets/products.html]
[fleetcart.envaysoft.com/en/tags/hot-deals/products.html]
[fleetcart.envaysoft.com/en/tags/lifestyle/products.html]
[fleetcart.envaysoft.com/en/tags/smartphone/products.html]
[fleetcart.envaysoft.com/en/cart.html]
[fleetcart.envaysoft.com/themes/storefront/public/fonts/la-brands-400.svg]
[fleetcart.envaysoft.com/themes/storefront/public/fonts/la-regular-400.svg]
[fleetcart.envaysoft.com/themes/storefront/public/fonts/la-solid-900.svg]
[fleetcart.envaysoft.com/themes/storefront/public/css/fonts/slick.svg]
[fleetcart.envaysoft.com/ar/[^4f88.html]
[fleetcart.envaysoft.com/en/[^4f88.html]
[fleetcart.envaysoft.com/captcha/imagea95e.png]
[fleetcart.envaysoft.com/ar/contact.html]
[fleetcart.envaysoft.com/ar/compare.html]
[fleetcart.envaysoft.com/themes/storefront/public/css/app.rtle8da.css]
[fleetcart.envaysoft.com/ar/password/reset.html]
[fleetcart.envaysoft.com/ar/register.html]
[fleetcart.envaysoft.com/ar/login.html]
[fleetcart.envaysoft.com/ar/categories/consumer-electronics/products.html]
[fleetcart.envaysoft.com/ar/categories/gadgets/products.html]
[fleetcart.envaysoft.com/ar/categories/drone/products.html]
[fleetcart.envaysoft.com/ar/categories/accessories-supplies/products.html]
[fleetcart.envaysoft.com/ar/categories/camera-photo/products.html]
[fleetcart.envaysoft.com/ar/categories/car-vehicle-electronics/products.html]
[fleetcart.envaysoft.com/ar/categories/cell-phones-accessories/products.html]
[fleetcart.envaysoft.com/ar/categories/computers-accessories/products.html]
[fleetcart.envaysoft.com/ar/categories/gps-navigation/products.html]
[fleetcart.envaysoft.com/ar/categories/headphones/products.html]
[fleetcart.envaysoft.com/ar/categories/home-audio/products.html]
[fleetcart.envaysoft.com/ar/categories/office-electronics/products.html]
[fleetcart.envaysoft.com/ar/categories/portable-audio-video/products.html]
[fleetcart.envaysoft.com/ar/categories/security-surveillance/products.html]
[fleetcart.envaysoft.com/ar/categories/service-plans/products.html]
[fleetcart.envaysoft.com/ar/categories/video-game-consoles-accessories/products.html]
[fleetcart.envaysoft.com/ar/categories/video-projectors/products.html]
[fleetcart.envaysoft.com/ar/categories/wearable-technology/products.html]
[fleetcart.envaysoft.com/ar/categories/ebook-readers-accessories/products.html]
[fleetcart.envaysoft.com/ar/categories/computers-office-supplies/products.html]
[fleetcart.envaysoft.com/ar/categories/all-computers/products.html]
[fleetcart.envaysoft.com/ar/categories/desktops-monitors/products.html]
[fleetcart.envaysoft.com/ar/categories/drives-storage/products.html]
[fleetcart.envaysoft.com/ar/categories/networking/products.html]
[fleetcart.envaysoft.com/ar/categories/keyboards-mice/products.html]
[fleetcart.envaysoft.com/ar/categories/pc-gaming/products.html]
[fleetcart.envaysoft.com/ar/categories/all-computer-accessories/products.html]
[fleetcart.envaysoft.com/ar/categories/printers-ink/products.html]
[fleetcart.envaysoft.com/ar/categories/office-school-supplies/products.html]
[fleetcart.envaysoft.com/ar/categories/mens-watches/products.html]
[fleetcart.envaysoft.com/ar/categories/quartz-watches/products.html]
[fleetcart.envaysoft.com/ar/categories/sports-watches/products.html]
[fleetcart.envaysoft.com/ar/categories/mechanical-watches/products.html]
[fleetcart.envaysoft.com/ar/categories/digital-watches/products.html]
[fleetcart.envaysoft.com/ar/categories/womens-watches/products.html]
[fleetcart.envaysoft.com/ar/categories/childrens-watches/products.html]
[fleetcart.envaysoft.com/ar/categories/pocket-fob-watches/products.html]
[fleetcart.envaysoft.com/ar/categories/watch-accessories/products.html]
[fleetcart.envaysoft.com/ar/categories/womens-bracelet-watches/products.html]
[fleetcart.envaysoft.com/ar/categories/home-living/products.html]
[fleetcart.envaysoft.com/ar/categories/bedding/products.html]
[fleetcart.envaysoft.com/ar/categories/furniture/products.html]
[fleetcart.envaysoft.com/ar/categories/decor/products.html]
[fleetcart.envaysoft.com/ar/categories/curtains/products.html]
[fleetcart.envaysoft.com/ar/categories/kitcher-utensils/products.html]
[fleetcart.envaysoft.com/ar/categories/cooking-baking/products.html]
[fleetcart.envaysoft.com/ar/categories/gas-stove/products.html]
[fleetcart.envaysoft.com/ar/categories/plastics-melamine/products.html]
[fleetcart.envaysoft.com/ar/categories/ceramics-dinnerware/products.html]
[fleetcart.envaysoft.com/ar/categories/storage-organisation/products.html]
[fleetcart.envaysoft.com/ar/categories/cleaning-tools/products.html]
[fleetcart.envaysoft.com/ar/categories/home-care/products.html]
[fleetcart.envaysoft.com/ar/categories/laundry/products.html]
[fleetcart.envaysoft.com/ar/categories/towel/products.html]
[fleetcart.envaysoft.com/ar/categories/travel-accessories/products.html]
[fleetcart.envaysoft.com/ar/categories/pest-control/products.html]
[fleetcart.envaysoft.com/ar/categories/mens-bags/products.html]
[fleetcart.envaysoft.com/ar/categories/womens-bags/products.html]
[fleetcart.envaysoft.com/ar/categories/wallets/products.html]
[fleetcart.envaysoft.com/ar/categories/kids-babys-bags/products.html]
[fleetcart.envaysoft.com/ar/categories/luggage-travel-bags/products.html]
[fleetcart.envaysoft.com/ar/categories/functional-bags/products.html]
[fleetcart.envaysoft.com/ar/categories/coin-purses-holders/products.html]
[fleetcart.envaysoft.com/ar/categories/bag-parts-accessories/products.html]
[fleetcart.envaysoft.com/ar/categories/all-beauty/products.html]
[fleetcart.envaysoft.com/ar/categories/make-up/products.html]
[fleetcart.envaysoft.com/ar/categories/luxury-beauty/products.html]
[fleetcart.envaysoft.com/ar/categories/mens-grooming/products.html]
[fleetcart.envaysoft.com/ar/categories/necklace/products.html]
[fleetcart.envaysoft.com/ar/categories/perfumes-for-men/products.html]
[fleetcart.envaysoft.com/ar/categories/skin-care/products.html]
[fleetcart.envaysoft.com/ar/categories/all-perfumes/products.html]
[fleetcart.envaysoft.com/ar/categories/perfumes-for-women/products.html]
[fleetcart.envaysoft.com/ar/categories/gift-sets/products.html]
[fleetcart.envaysoft.com/ar/categories/all-health-personal-care/products.html]
[fleetcart.envaysoft.com/ar/categories/personal-care-appliances-9wjMnr3m/products.html]
[fleetcart.envaysoft.com/ar/categories/hair-care-styling/products.html]
[fleetcart.envaysoft.com/ar/categories/bath-body/products.html]
[fleetcart.envaysoft.com/ar/categories/dental-care/products.html]
[fleetcart.envaysoft.com/ar/categories/diet-nutrition/products.html]
[fleetcart.envaysoft.com/ar/categories/electronics/products.html]
[fleetcart.envaysoft.com/ar/categories/mobiles/products.html]
[fleetcart.envaysoft.com/ar/categories/smartphones/products.html]
[fleetcart.envaysoft.com/ar/categories/android/products.html]
[fleetcart.envaysoft.com/ar/categories/iphone/products.html]
[fleetcart.envaysoft.com/ar/categories/featured/products.html]
[fleetcart.envaysoft.com/ar/categories/refurbished/products.html]
[fleetcart.envaysoft.com/ar/categories/brands/products.html]
[fleetcart.envaysoft.com/ar/categories/mobile-accessories/products.html]
[fleetcart.envaysoft.com/ar/categories/cases-covers/products.html]
[fleetcart.envaysoft.com/ar/categories/cables/products.html]
[fleetcart.envaysoft.com/ar/categories/chargers/products.html]
[fleetcart.envaysoft.com/ar/categories/power-bank/products.html]
[fleetcart.envaysoft.com/ar/categories/mobile-headphones/products.html]
[fleetcart.envaysoft.com/ar/categories/screen-protectors/products.html]
[fleetcart.envaysoft.com/ar/categories/hot-brands/products.html]
[fleetcart.envaysoft.com/ar/categories/oneplus/products.html]
[fleetcart.envaysoft.com/ar/categories/apple/products.html]
[fleetcart.envaysoft.com/ar/categories/samsung/products.html]
[fleetcart.envaysoft.com/ar/categories/huawei/products.html]
[fleetcart.envaysoft.com/ar/categories/sony/products.html]
[fleetcart.envaysoft.com/ar/categories/laptops/products.html]
[fleetcart.envaysoft.com/ar/categories/mackbook/products.html]
[fleetcart.envaysoft.com/ar/categories/gaming/products.html]
[fleetcart.envaysoft.com/ar/categories/ultraslim/products.html]
[fleetcart.envaysoft.com/ar/categories/tablets/products.html]
[fleetcart.envaysoft.com/ar/categories/all-laptops/products.html]
[fleetcart.envaysoft.com/ar/categories/computer-accessories/products.html]
[fleetcart.envaysoft.com/ar/categories/monitors/products.html]
[fleetcart.envaysoft.com/ar/categories/keyboard-mouse/products.html]
[fleetcart.envaysoft.com/ar/categories/pendrive/products.html]
[fleetcart.envaysoft.com/ar/categories/speaker/products.html]
[fleetcart.envaysoft.com/ar/categories/mens-fashion/products.html]
[fleetcart.envaysoft.com/ar/categories/clothing/products.html]
[fleetcart.envaysoft.com/ar/categories/shirts/products.html]
[fleetcart.envaysoft.com/ar/categories/all-clothing/products.html]
[fleetcart.envaysoft.com/ar/categories/sportswear/products.html]
[fleetcart.envaysoft.com/ar/categories/tees-polos/products.html]
[fleetcart.envaysoft.com/ar/categories/pants/products.html]
[fleetcart.envaysoft.com/ar/categories/formal-shoes/products.html]
[fleetcart.envaysoft.com/ar/categories/shoes/products.html]
[fleetcart.envaysoft.com/ar/categories/all-shoes/products.html]
[fleetcart.envaysoft.com/ar/categories/sneakers/products.html]
[fleetcart.envaysoft.com/ar/categories/boots/products.html]
[fleetcart.envaysoft.com/ar/categories/sandals/products.html]
[fleetcart.envaysoft.com/ar/categories/slippers-flip-flops/products.html]
[fleetcart.envaysoft.com/ar/categories/sports-shoes/products.html]
[fleetcart.envaysoft.com/ar/categories/outerwear-jackets/products.html]
[fleetcart.envaysoft.com/ar/categories/trench/products.html]
[fleetcart.envaysoft.com/ar/categories/genuine-leather/products.html]
[fleetcart.envaysoft.com/ar/categories/down-jackets/products.html]
[fleetcart.envaysoft.com/ar/categories/wool-blends/products.html]
[fleetcart.envaysoft.com/ar/categories/suits-blazer/products.html]
[fleetcart.envaysoft.com/ar/categories/hot-sale/products.html]
[fleetcart.envaysoft.com/ar/categories/hoodies-sweatshirts/products.html]
[fleetcart.envaysoft.com/ar/categories/jackets/products.html]
[fleetcart.envaysoft.com/ar/categories/t-shirts/products.html]
[fleetcart.envaysoft.com/ar/categories/shirts-Qfb3u0OP/products.html]
[fleetcart.envaysoft.com/ar/categories/sweaters/products.html]
[fleetcart.envaysoft.com/ar/categories/bottoms/products.html]
[fleetcart.envaysoft.com/ar/categories/casual-pants/products.html]
[fleetcart.envaysoft.com/ar/categories/sweatpants/products.html]
[fleetcart.envaysoft.com/ar/categories/cargo-pants/products.html]
[fleetcart.envaysoft.com/ar/categories/jeans/products.html]
[fleetcart.envaysoft.com/ar/categories/harem-pants/products.html]
[fleetcart.envaysoft.com/ar/brands/hp/products.html]
[fleetcart.envaysoft.com/ar/brands/asus/products.html]
[fleetcart.envaysoft.com/ar/brands/apple/products.html]
[fleetcart.envaysoft.com/ar/categories/televisions/products.html]
[fleetcart.envaysoft.com/ar/categories/watches/products.html]
[fleetcart.envaysoft.com/ar/categories/womens-fashion/products.html]
[fleetcart.envaysoft.com/ar/categories/backpacks/products.html]
[fleetcart.envaysoft.com/ar/categories.html]
[fleetcart.envaysoft.com/ar/products.html]
[fleetcart.envaysoft.com/ar/brands/huawei/products.html]
[fleetcart.envaysoft.com/ar/brands/oneplus/products.html]
[fleetcart.envaysoft.com/ar/brands/acer/products.html]
[fleetcart.envaysoft.com/ar/brands/dell/products.html]
[fleetcart.envaysoft.com/ar/brands/microsoft/products.html]
[fleetcart.envaysoft.com/ar/brands/xiaomi/products.html]
[fleetcart.envaysoft.com/ar/brands/google/products.html]
[fleetcart.envaysoft.com/ar/brands/lg/products.html]
[fleetcart.envaysoft.com/ar/brands/adidas/products.html]
[fleetcart.envaysoft.com/ar/brands/beats/products.html]
[fleetcart.envaysoft.com/ar/brands/nike/products.html]
[fleetcart.envaysoft.com/ar/brands/levis/products.html]
[fleetcart.envaysoft.com/ar/brands/nokia/products.html]
[fleetcart.envaysoft.com/ar/brands.html]
[fleetcart.envaysoft.com/ar/about-us.html]
[fleetcart.envaysoft.com/ar/terms-conditions.html]
[fleetcart.envaysoft.com/ar/faq.html]
[fleetcart.envaysoft.com/ar/return-policy.html]
[fleetcart.envaysoft.com/ar/privacy-policy.html]
[fleetcart.envaysoft.com/ar/brands/samsung/products.html]
[fleetcart.envaysoft.com/ar/brands/msi/products.html]
[fleetcart.envaysoft.com/ar/tags/accessories/products.html]
[fleetcart.envaysoft.com/ar/tags/electronics/products.html]
[fleetcart.envaysoft.com/ar/tags/entertainment/products.html]
[fleetcart.envaysoft.com/ar/tags/fashion/products.html]
[fleetcart.envaysoft.com/ar/tags/gadgets/products.html]
[fleetcart.envaysoft.com/ar/tags/hot-deals/products.html]
[fleetcart.envaysoft.com/ar/tags/lifestyle/products.html]
[fleetcart.envaysoft.com/ar/tags/smartphone/products.html]
[fleetcart.envaysoft.com/ar/cart.html]
[fleetcart.envaysoft.com/en/password/reset.html]
[fleetcart.envaysoft.com/captcha/image946f.png]
[fleetcart.envaysoft.com/en/register.html]
[fleetcart.envaysoft.com/en/categories/consumer-electronics/products.html]
[fleetcart.envaysoft.com/en/categories/gadgets/products.html]
[fleetcart.envaysoft.com/en/categories/drone/products.html]
[fleetcart.envaysoft.com/en/categories/accessories-supplies/products.html]
[fleetcart.envaysoft.com/en/categories/camera-photo/products.html]
[fleetcart.envaysoft.com/en/categories/car-vehicle-electronics/products.html]
[fleetcart.envaysoft.com/en/categories/cell-phones-accessories/products.html]
[fleetcart.envaysoft.com/en/categories/computers-accessories/products.html]
[fleetcart.envaysoft.com/en/categories/gps-navigation/products.html]
[fleetcart.envaysoft.com/en/categories/headphones/products.html]
[fleetcart.envaysoft.com/en/categories/home-audio/products.html]
[fleetcart.envaysoft.com/en/categories/office-electronics/products.html]
[fleetcart.envaysoft.com/en/categories/portable-audio-video/products.html]
[fleetcart.envaysoft.com/en/categories/security-surveillance/products.html]
[fleetcart.envaysoft.com/en/categories/service-plans/products.html]
[fleetcart.envaysoft.com/en/categories/video-game-consoles-accessories/products.html]
[fleetcart.envaysoft.com/en/categories/video-projectors/products.html]
[fleetcart.envaysoft.com/en/categories/wearable-technology/products.html]
[fleetcart.envaysoft.com/en/categories/ebook-readers-accessories/products.html]
[fleetcart.envaysoft.com/en/categories/computers-office-supplies/products.html]
[fleetcart.envaysoft.com/en/categories/all-computers/products.html]
[fleetcart.envaysoft.com/en/categories/desktops-monitors/products.html]
[fleetcart.envaysoft.com/en/categories/drives-storage/products.html]
[fleetcart.envaysoft.com/en/categories/networking/products.html]
[fleetcart.envaysoft.com/en/categories/keyboards-mice/products.html]
[fleetcart.envaysoft.com/en/categories/pc-gaming/products.html]
[fleetcart.envaysoft.com/en/categories/all-computer-accessories/products.html]
[fleetcart.envaysoft.com/en/categories/printers-ink/products.html]
[fleetcart.envaysoft.com/en/categories/office-school-supplies/products.html]
[fleetcart.envaysoft.com/en/categories/mens-watches/products.html]
[fleetcart.envaysoft.com/en/categories/quartz-watches/products.html]
[fleetcart.envaysoft.com/en/categories/sports-watches/products.html]
[fleetcart.envaysoft.com/en/categories/mechanical-watches/products.html]
[fleetcart.envaysoft.com/en/categories/digital-watches/products.html]
[fleetcart.envaysoft.com/en/categories/womens-watches/products.html]
[fleetcart.envaysoft.com/en/categories/childrens-watches/products.html]
[fleetcart.envaysoft.com/en/categories/pocket-fob-watches/products.html]
[fleetcart.envaysoft.com/en/categories/watch-accessories/products.html]
[fleetcart.envaysoft.com/en/categories/womens-bracelet-watches/products.html]
[fleetcart.envaysoft.com/en/categories/home-living/products.html]
[fleetcart.envaysoft.com/en/categories/bedding/products.html]
[fleetcart.envaysoft.com/en/categories/furniture/products.html]
[fleetcart.envaysoft.com/en/categories/decor/products.html]
[fleetcart.envaysoft.com/en/categories/curtains/products.html]
[fleetcart.envaysoft.com/en/categories/kitcher-utensils/products.html]
[fleetcart.envaysoft.com/en/categories/cooking-baking/products.html]
[fleetcart.envaysoft.com/en/categories/gas-stove/products.html]
[fleetcart.envaysoft.com/en/categories/plastics-melamine/products.html]
[fleetcart.envaysoft.com/en/categories/ceramics-dinnerware/products.html]
[fleetcart.envaysoft.com/en/categories/storage-organisation/products.html]
[fleetcart.envaysoft.com/en/categories/home-care/products.html]
[fleetcart.envaysoft.com/en/categories/cleaning-tools/products.html]
[fleetcart.envaysoft.com/en/categories/laundry/products.html]
[fleetcart.envaysoft.com/en/categories/towel/products.html]
[fleetcart.envaysoft.com/en/categories/travel-accessories/products.html]
[fleetcart.envaysoft.com/en/categories/pest-control/products.html]
[fleetcart.envaysoft.com/en/categories/mens-bags/products.html]
[fleetcart.envaysoft.com/en/categories/womens-bags/products.html]
[fleetcart.envaysoft.com/en/categories/wallets/products.html]
[fleetcart.envaysoft.com/en/categories/kids-babys-bags/products.html]
[fleetcart.envaysoft.com/en/categories/luggage-travel-bags/products.html]
[fleetcart.envaysoft.com/en/categories/functional-bags/products.html]
[fleetcart.envaysoft.com/en/categories/coin-purses-holders/products.html]
[fleetcart.envaysoft.com/en/categories/bag-parts-accessories/products.html]
[fleetcart.envaysoft.com/en/categories/all-beauty/products.html]
[fleetcart.envaysoft.com/en/categories/make-up/products.html]
[fleetcart.envaysoft.com/en/categories/luxury-beauty/products.html]
[fleetcart.envaysoft.com/en/categories/mens-grooming/products.html]
[fleetcart.envaysoft.com/en/categories/necklace/products.html]
[fleetcart.envaysoft.com/en/categories/perfumes-for-men/products.html]
[fleetcart.envaysoft.com/en/categories/skin-care/products.html]
[fleetcart.envaysoft.com/en/categories/all-perfumes/products.html]
[fleetcart.envaysoft.com/en/categories/perfumes-for-women/products.html]
[fleetcart.envaysoft.com/en/categories/gift-sets/products.html]
[fleetcart.envaysoft.com/en/categories/all-health-personal-care/products.html]
[fleetcart.envaysoft.com/en/categories/personal-care-appliances-9wjMnr3m/products.html]
[fleetcart.envaysoft.com/en/categories/hair-care-styling/products.html]
[fleetcart.envaysoft.com/en/categories/bath-body/products.html]
[fleetcart.envaysoft.com/en/categories/dental-care/products.html]
[fleetcart.envaysoft.com/en/categories/diet-nutrition/products.html]
[fleetcart.envaysoft.com/en/brands/huawei/products.html]
[fleetcart.envaysoft.com/en/brands/oneplus/products.html]
[fleetcart.envaysoft.com/en/brands/dell/products.html]
[fleetcart.envaysoft.com/en/brands/acer/products.html]
[fleetcart.envaysoft.com/en/brands/microsoft/products.html]
[fleetcart.envaysoft.com/en/brands/xiaomi/products.html]
[fleetcart.envaysoft.com/en/brands/google/products.html]
[fleetcart.envaysoft.com/en/brands/lg/products.html]
[fleetcart.envaysoft.com/en/brands/beats/products.html]
[fleetcart.envaysoft.com/en/brands/adidas/products.html]
[fleetcart.envaysoft.com/en/brands/nike/products.html]
[fleetcart.envaysoft.com/en/brands/levis/products.html]
[fleetcart.envaysoft.com/en/brands/nokia/products.html]
[fleetcart.envaysoft.com/storage/media/HmOKyObsMLWvxahqNqsnvjox2PYfZJMPNxuHMs29.html]
[fleetcart.envaysoft.com/ar/[^4f88.html]
[fleetcart.envaysoft.com/themes/storefront/public/images/404.svg]
[fleetcart.envaysoft.com/ar/password/reset.html]
[fleetcart.envaysoft.com/captcha/image01e2.png]
[fleetcart.envaysoft.com/ar/register.html]
[fleetcart.envaysoft.com/ar/categories/consumer-electronics/products.html]
[fleetcart.envaysoft.com/ar/categories/gadgets/products.html]
[fleetcart.envaysoft.com/ar/categories/drone/products.html]
[fleetcart.envaysoft.com/ar/categories/accessories-supplies/products.html]
[fleetcart.envaysoft.com/ar/categories/camera-photo/products.html]
[fleetcart.envaysoft.com/ar/categories/car-vehicle-electronics/products.html]
[fleetcart.envaysoft.com/ar/categories/cell-phones-accessories/products.html]
[fleetcart.envaysoft.com/ar/categories/computers-accessories/products.html]
[fleetcart.envaysoft.com/ar/categories/gps-navigation/products.html]
[fleetcart.envaysoft.com/ar/categories/headphones/products.html]
[fleetcart.envaysoft.com/ar/categories/home-audio/products.html]
[fleetcart.envaysoft.com/ar/categories/office-electronics/products.html]
[fleetcart.envaysoft.com/ar/categories/portable-audio-video/products.html]
[fleetcart.envaysoft.com/ar/categories/security-surveillance/products.html]
[fleetcart.envaysoft.com/ar/categories/service-plans/products.html]
[fleetcart.envaysoft.com/ar/categories/video-game-consoles-accessories/products.html]
[fleetcart.envaysoft.com/ar/categories/video-projectors/products.html]
[fleetcart.envaysoft.com/ar/categories/wearable-technology/products.html]
[fleetcart.envaysoft.com/ar/categories/ebook-readers-accessories/products.html]
[fleetcart.envaysoft.com/ar/categories/computers-office-supplies/products.html]
[fleetcart.envaysoft.com/ar/categories/all-computers/products.html]
[fleetcart.envaysoft.com/ar/categories/desktops-monitors/products.html]
[fleetcart.envaysoft.com/ar/categories/drives-storage/products.html]
[fleetcart.envaysoft.com/ar/categories/networking/products.html]
[fleetcart.envaysoft.com/ar/categories/keyboards-mice/products.html]
[fleetcart.envaysoft.com/ar/categories/pc-gaming/products.html]
[fleetcart.envaysoft.com/ar/categories/all-computer-accessories/products.html]
[fleetcart.envaysoft.com/ar/categories/printers-ink/products.html]
[fleetcart.envaysoft.com/ar/categories/office-school-supplies/products.html]
[fleetcart.envaysoft.com/ar/categories/mens-watches/products.html]
[fleetcart.envaysoft.com/ar/categories/quartz-watches/products.html]
[fleetcart.envaysoft.com/ar/categories/sports-watches/products.html]
[fleetcart.envaysoft.com/ar/categories/mechanical-watches/products.html]
[fleetcart.envaysoft.com/ar/categories/digital-watches/products.html]
[fleetcart.envaysoft.com/ar/categories/womens-watches/products.html]
[fleetcart.envaysoft.com/ar/categories/childrens-watches/products.html]
[fleetcart.envaysoft.com/ar/categories/pocket-fob-watches/products.html]
[fleetcart.envaysoft.com/ar/categories/watch-accessories/products.html]
[fleetcart.envaysoft.com/ar/categories/womens-bracelet-watches/products.html]
[fleetcart.envaysoft.com/ar/categories/home-living/products.html]
[fleetcart.envaysoft.com/ar/categories/bedding/products.html]
[fleetcart.envaysoft.com/ar/categories/furniture/products.html]
[fleetcart.envaysoft.com/ar/categories/decor/products.html]
[fleetcart.envaysoft.com/ar/categories/curtains/products.html]
[fleetcart.envaysoft.com/ar/categories/kitcher-utensils/products.html]
[fleetcart.envaysoft.com/ar/categories/cooking-baking/products.html]
[fleetcart.envaysoft.com/ar/categories/gas-stove/products.html]
[fleetcart.envaysoft.com/ar/categories/plastics-melamine/products.html]
[fleetcart.envaysoft.com/ar/categories/ceramics-dinnerware/products.html]
[fleetcart.envaysoft.com/ar/categories/storage-organisation/products.html]
[fleetcart.envaysoft.com/ar/categories/home-care/products.html]
[fleetcart.envaysoft.com/ar/categories/cleaning-tools/products.html]
[fleetcart.envaysoft.com/ar/categories/laundry/products.html]
[fleetcart.envaysoft.com/ar/categories/towel/products.html]
[fleetcart.envaysoft.com/ar/categories/travel-accessories/products.html]
[fleetcart.envaysoft.com/ar/categories/pest-control/products.html]
[fleetcart.envaysoft.com/ar/categories/mens-bags/products.html]
[fleetcart.envaysoft.com/ar/categories/womens-bags/products.html]
[fleetcart.envaysoft.com/ar/categories/wallets/products.html]
[fleetcart.envaysoft.com/ar/categories/kids-babys-bags/products.html]
[fleetcart.envaysoft.com/ar/categories/luggage-travel-bags/products.html]
[fleetcart.envaysoft.com/ar/categories/functional-bags/products.html]
[fleetcart.envaysoft.com/ar/categories/coin-purses-holders/products.html]
[fleetcart.envaysoft.com/ar/categories/bag-parts-accessories/products.html]
[fleetcart.envaysoft.com/ar/categories/all-beauty/products.html]
[fleetcart.envaysoft.com/ar/categories/make-up/products.html]
[fleetcart.envaysoft.com/ar/categories/luxury-beauty/products.html]
[fleetcart.envaysoft.com/ar/categories/mens-grooming/products.html]
[fleetcart.envaysoft.com/ar/categories/necklace/products.html]
[fleetcart.envaysoft.com/ar/categories/perfumes-for-men/products.html]
[fleetcart.envaysoft.com/ar/categories/skin-care/products.html]
[fleetcart.envaysoft.com/ar/categories/all-perfumes/products.html]
[fleetcart.envaysoft.com/ar/categories/perfumes-for-women/products.html]
[fleetcart.envaysoft.com/ar/categories/gift-sets/products.html]
[fleetcart.envaysoft.com/ar/categories/all-health-personal-care/products.html]
[fleetcart.envaysoft.com/ar/categories/personal-care-appliances-9wjMnr3m/products.html]
[fleetcart.envaysoft.com/ar/categories/hair-care-styling/products.html]
[fleetcart.envaysoft.com/ar/categories/bath-body/products.html]
[fleetcart.envaysoft.com/ar/categories/dental-care/products.html]
[fleetcart.envaysoft.com/ar/categories/diet-nutrition/products.html]
[fleetcart.envaysoft.com/ar/brands/huawei/products.html]
[fleetcart.envaysoft.com/ar/brands/oneplus/products.html]
[fleetcart.envaysoft.com/ar/brands/dell/products.html]
[fleetcart.envaysoft.com/ar/brands/acer/products.html]
[fleetcart.envaysoft.com/ar/brands/microsoft/products.html]
[fleetcart.envaysoft.com/ar/brands/xiaomi/products.html]
[fleetcart.envaysoft.com/ar/brands/google/products.html]
[fleetcart.envaysoft.com/ar/brands/lg/products.html]
[fleetcart.envaysoft.com/ar/brands/beats/products.html]
[fleetcart.envaysoft.com/ar/brands/adidas/products.html]
[fleetcart.envaysoft.com/ar/brands/nike/products.html]
[fleetcart.envaysoft.com/ar/brands/levis/products.html]
[fleetcart.envaysoft.com/ar/brands/nokia/products.html]
